// Jest Snapshot v1, https://goo.gl/fbAQLP

exports[`BaseToast Component Error renders correctly 1`] = `
<View
  accessibilityState={
    Object {
      "busy": undefined,
      "checked": undefined,
      "disabled": undefined,
      "expanded": undefined,
      "selected": undefined,
    }
  }
  accessibilityValue={
    Object {
      "max": undefined,
      "min": undefined,
      "now": undefined,
      "text": undefined,
    }
  }
  accessible={true}
  collapsable={false}
  focusable={true}
  onClick={[Function]}
  onResponderGrant={[Function]}
  onResponderMove={[Function]}
  onResponderRelease={[Function]}
  onResponderTerminate={[Function]}
  onResponderTerminationRequest={[Function]}
  onStartShouldSetResponder={[Function]}
  style={
    Object {
      "opacity": 1,
    }
  }
>
  <View
    style={
      Array [
        Object {
          "alignItems": "flex-start",
          "borderRadius": 4,
          "borderWidth": 2,
          "flex": 1,
          "flexDirection": "row",
          "marginTop": 25,
        },
        Object {
          "backgroundColor": "#313132",
          "borderColor": "#D8292F",
          "width": 675,
        },
      ]
    }
  >
    <View
      style={
        Object {
          "flex": 1,
          "flexDirection": "row",
        }
      }
    >
      <Text
        allowFontScaling={false}
        selectable={false}
        style={
          Array [
            Object {
              "color": "#D8292F",
              "fontSize": 24,
            },
            Object {
              "marginHorizontal": 15,
              "marginTop": 15,
            },
            Object {
              "fontFamily": "Material Icons",
              "fontStyle": "normal",
              "fontWeight": "normal",
            },
            Object {},
          ]
        }
      >
        
      </Text>
      <View
        style={
          Object {
            "flexShrink": 1,
            "marginRight": 10,
            "marginVertical": 15,
          }
        }
      >
        <Text
          maxFontSizeMultiplier={2}
          style={
            Array [
              Object {
                "color": "#FFFFFF",
                "fontSize": 18,
                "fontWeight": "normal",
              },
              Array [
                Object {
                  "fontWeight": "bold",
                },
                Object {
                  "color": "#FFFFFF",
                },
              ],
            ]
          }
          testID="com.ariesbifold:id/ToastTitle"
        >
          Hello World
        </Text>
        <Text
          maxFontSizeMultiplier={2}
          style={
            Array [
              Object {
                "color": "#FFFFFF",
                "fontSize": 18,
                "fontWeight": "normal",
              },
              Array [
                Object {
                  "marginTop": 10,
                },
                Object {
                  "color": "#FFFFFF",
                },
              ],
            ]
          }
          testID="com.ariesbifold:id/ToastBody"
        >
          The quick brown fox jumped over the lazy dog
        </Text>
      </View>
    </View>
    <View>
      <View
        accessibilityState={
          Object {
            "busy": undefined,
            "checked": undefined,
            "disabled": undefined,
            "expanded": undefined,
            "selected": undefined,
          }
        }
        accessibilityValue={
          Object {
            "max": undefined,
            "min": undefined,
            "now": undefined,
            "text": undefined,
          }
        }
        accessible={true}
        collapsable={false}
        focusable={true}
        onClick={[Function]}
        onResponderGrant={[Function]}
        onResponderMove={[Function]}
        onResponderRelease={[Function]}
        onResponderTerminate={[Function]}
        onResponderTerminationRequest={[Function]}
        onStartShouldSetResponder={[Function]}
        style={
          Object {
            "opacity": 1,
          }
        }
      >
        <Text
          allowFontScaling={false}
          selectable={false}
          style={
            Array [
              Object {
                "color": "#D8292F",
                "fontSize": 24,
              },
              Object {
                "marginHorizontal": 15,
                "marginTop": 15,
              },
              Object {
                "fontFamily": "Material Icons",
                "fontStyle": "normal",
                "fontWeight": "normal",
              },
              Object {},
            ]
          }
        >
          
        </Text>
      </View>
    </View>
  </View>
</View>
`;

exports[`BaseToast Component Info renders correctly 1`] = `
<View
  accessibilityState={
    Object {
      "busy": undefined,
      "checked": undefined,
      "disabled": undefined,
      "expanded": undefined,
      "selected": undefined,
    }
  }
  accessibilityValue={
    Object {
      "max": undefined,
      "min": undefined,
      "now": undefined,
      "text": undefined,
    }
  }
  accessible={true}
  collapsable={false}
  focusable={true}
  onClick={[Function]}
  onResponderGrant={[Function]}
  onResponderMove={[Function]}
  onResponderRelease={[Function]}
  onResponderTerminate={[Function]}
  onResponderTerminationRequest={[Function]}
  onStartShouldSetResponder={[Function]}
  style={
    Object {
      "opacity": 1,
    }
  }
>
  <View
    style={
      Array [
        Object {
          "alignItems": "flex-start",
          "borderRadius": 4,
          "borderWidth": 2,
          "flex": 1,
          "flexDirection": "row",
          "marginTop": 25,
        },
        Object {
          "backgroundColor": "#313132",
          "borderColor": "#0099FF",
          "width": 675,
        },
      ]
    }
  >
    <View
      style={
        Object {
          "flex": 1,
          "flexDirection": "row",
        }
      }
    >
      <Text
        allowFontScaling={false}
        selectable={false}
        style={
          Array [
            Object {
              "color": "#0099FF",
              "fontSize": 24,
            },
            Object {
              "marginHorizontal": 15,
              "marginTop": 15,
            },
            Object {
              "fontFamily": "Material Icons",
              "fontStyle": "normal",
              "fontWeight": "normal",
            },
            Object {},
          ]
        }
      >
        
      </Text>
      <View
        style={
          Object {
            "flexShrink": 1,
            "marginRight": 10,
            "marginVertical": 15,
          }
        }
      >
        <Text
          maxFontSizeMultiplier={2}
          style={
            Array [
              Object {
                "color": "#FFFFFF",
                "fontSize": 18,
                "fontWeight": "normal",
              },
              Array [
                Object {
                  "fontWeight": "bold",
                },
                Object {
                  "color": "#FFFFFF",
                },
              ],
            ]
          }
          testID="com.ariesbifold:id/ToastTitle"
        >
          Hello World
        </Text>
        <Text
          maxFontSizeMultiplier={2}
          style={
            Array [
              Object {
                "color": "#FFFFFF",
                "fontSize": 18,
                "fontWeight": "normal",
              },
              Array [
                Object {
                  "marginTop": 10,
                },
                Object {
                  "color": "#FFFFFF",
                },
              ],
            ]
          }
          testID="com.ariesbifold:id/ToastBody"
        >
          The quick brown fox jumped over the lazy dog
        </Text>
      </View>
    </View>
    <View>
      <View
        accessibilityState={
          Object {
            "busy": undefined,
            "checked": undefined,
            "disabled": undefined,
            "expanded": undefined,
            "selected": undefined,
          }
        }
        accessibilityValue={
          Object {
            "max": undefined,
            "min": undefined,
            "now": undefined,
            "text": undefined,
          }
        }
        accessible={true}
        collapsable={false}
        focusable={true}
        onClick={[Function]}
        onResponderGrant={[Function]}
        onResponderMove={[Function]}
        onResponderRelease={[Function]}
        onResponderTerminate={[Function]}
        onResponderTerminationRequest={[Function]}
        onStartShouldSetResponder={[Function]}
        style={
          Object {
            "opacity": 1,
          }
        }
      >
        <Text
          allowFontScaling={false}
          selectable={false}
          style={
            Array [
              Object {
                "color": "#0099FF",
                "fontSize": 24,
              },
              Object {
                "marginHorizontal": 15,
                "marginTop": 15,
              },
              Object {
                "fontFamily": "Material Icons",
                "fontStyle": "normal",
                "fontWeight": "normal",
              },
              Object {},
            ]
          }
        >
          
        </Text>
      </View>
    </View>
  </View>
</View>
`;

exports[`BaseToast Component Success renders correctly 1`] = `
<View
  accessibilityState={
    Object {
      "busy": undefined,
      "checked": undefined,
      "disabled": undefined,
      "expanded": undefined,
      "selected": undefined,
    }
  }
  accessibilityValue={
    Object {
      "max": undefined,
      "min": undefined,
      "now": undefined,
      "text": undefined,
    }
  }
  accessible={true}
  collapsable={false}
  focusable={true}
  onClick={[Function]}
  onResponderGrant={[Function]}
  onResponderMove={[Function]}
  onResponderRelease={[Function]}
  onResponderTerminate={[Function]}
  onResponderTerminationRequest={[Function]}
  onStartShouldSetResponder={[Function]}
  style={
    Object {
      "opacity": 1,
    }
  }
>
  <View
    style={
      Array [
        Object {
          "alignItems": "flex-start",
          "borderRadius": 4,
          "borderWidth": 2,
          "flex": 1,
          "flexDirection": "row",
          "marginTop": 25,
        },
        Object {
          "backgroundColor": "#313132",
          "borderColor": "#2E8540",
          "width": 675,
        },
      ]
    }
  >
    <View
      style={
        Object {
          "flex": 1,
          "flexDirection": "row",
        }
      }
    >
      <Text
        allowFontScaling={false}
        selectable={false}
        style={
          Array [
            Object {
              "color": "#2E8540",
              "fontSize": 24,
            },
            Object {
              "marginHorizontal": 15,
              "marginTop": 15,
            },
            Object {
              "fontFamily": "Material Icons",
              "fontStyle": "normal",
              "fontWeight": "normal",
            },
            Object {},
          ]
        }
      >
        
      </Text>
      <View
        style={
          Object {
            "flexShrink": 1,
            "marginRight": 10,
            "marginVertical": 15,
          }
        }
      >
        <Text
          maxFontSizeMultiplier={2}
          style={
            Array [
              Object {
                "color": "#FFFFFF",
                "fontSize": 18,
                "fontWeight": "normal",
              },
              Array [
                Object {
                  "fontWeight": "bold",
                },
                Object {
                  "color": "#FFFFFF",
                },
              ],
            ]
          }
          testID="com.ariesbifold:id/ToastTitle"
        >
          Hello World
        </Text>
        <Text
          maxFontSizeMultiplier={2}
          style={
            Array [
              Object {
                "color": "#FFFFFF",
                "fontSize": 18,
                "fontWeight": "normal",
              },
              Array [
                Object {
                  "marginTop": 10,
                },
                Object {
                  "color": "#FFFFFF",
                },
              ],
            ]
          }
          testID="com.ariesbifold:id/ToastBody"
        >
          The quick brown fox jumped over the lazy dog
        </Text>
      </View>
    </View>
    <View>
      <View
        accessibilityState={
          Object {
            "busy": undefined,
            "checked": undefined,
            "disabled": undefined,
            "expanded": undefined,
            "selected": undefined,
          }
        }
        accessibilityValue={
          Object {
            "max": undefined,
            "min": undefined,
            "now": undefined,
            "text": undefined,
          }
        }
        accessible={true}
        collapsable={false}
        focusable={true}
        onClick={[Function]}
        onResponderGrant={[Function]}
        onResponderMove={[Function]}
        onResponderRelease={[Function]}
        onResponderTerminate={[Function]}
        onResponderTerminationRequest={[Function]}
        onStartShouldSetResponder={[Function]}
        style={
          Object {
            "opacity": 1,
          }
        }
      >
        <Text
          allowFontScaling={false}
          selectable={false}
          style={
            Array [
              Object {
                "color": "#2E8540",
                "fontSize": 24,
              },
              Object {
                "marginHorizontal": 15,
                "marginTop": 15,
              },
              Object {
                "fontFamily": "Material Icons",
                "fontStyle": "normal",
                "fontWeight": "normal",
              },
              Object {},
            ]
          }
        >
          
        </Text>
      </View>
    </View>
  </View>
</View>
`;

exports[`BaseToast Component Warn renders correctly 1`] = `
<View
  accessibilityState={
    Object {
      "busy": undefined,
      "checked": undefined,
      "disabled": undefined,
      "expanded": undefined,
      "selected": undefined,
    }
  }
  accessibilityValue={
    Object {
      "max": undefined,
      "min": undefined,
      "now": undefined,
      "text": undefined,
    }
  }
  accessible={true}
  collapsable={false}
  focusable={true}
  onClick={[Function]}
  onResponderGrant={[Function]}
  onResponderMove={[Function]}
  onResponderRelease={[Function]}
  onResponderTerminate={[Function]}
  onResponderTerminationRequest={[Function]}
  onStartShouldSetResponder={[Function]}
  style={
    Object {
      "opacity": 1,
    }
  }
>
  <View
    style={
      Array [
        Object {
          "alignItems": "flex-start",
          "borderRadius": 4,
          "borderWidth": 2,
          "flex": 1,
          "flexDirection": "row",
          "marginTop": 25,
        },
        Object {
          "backgroundColor": "#313132",
          "borderColor": "#FCBA19",
          "width": 675,
        },
      ]
    }
  >
    <View
      style={
        Object {
          "flex": 1,
          "flexDirection": "row",
        }
      }
    >
      <Text
        allowFontScaling={false}
        selectable={false}
        style={
          Array [
            Object {
              "color": "#FCBA19",
              "fontSize": 24,
            },
            Object {
              "marginHorizontal": 15,
              "marginTop": 15,
            },
            Object {
              "fontFamily": "Material Icons",
              "fontStyle": "normal",
              "fontWeight": "normal",
            },
            Object {},
          ]
        }
      >
        
      </Text>
      <View
        style={
          Object {
            "flexShrink": 1,
            "marginRight": 10,
            "marginVertical": 15,
          }
        }
      >
        <Text
          maxFontSizeMultiplier={2}
          style={
            Array [
              Object {
                "color": "#FFFFFF",
                "fontSize": 18,
                "fontWeight": "normal",
              },
              Array [
                Object {
                  "fontWeight": "bold",
                },
                Object {
                  "color": "#FFFFFF",
                },
              ],
            ]
          }
          testID="com.ariesbifold:id/ToastTitle"
        >
          Hello World
        </Text>
        <Text
          maxFontSizeMultiplier={2}
          style={
            Array [
              Object {
                "color": "#FFFFFF",
                "fontSize": 18,
                "fontWeight": "normal",
              },
              Array [
                Object {
                  "marginTop": 10,
                },
                Object {
                  "color": "#FFFFFF",
                },
              ],
            ]
          }
          testID="com.ariesbifold:id/ToastBody"
        >
          The quick brown fox jumped over the lazy dog
        </Text>
      </View>
    </View>
    <View>
      <View
        accessibilityState={
          Object {
            "busy": undefined,
            "checked": undefined,
            "disabled": undefined,
            "expanded": undefined,
            "selected": undefined,
          }
        }
        accessibilityValue={
          Object {
            "max": undefined,
            "min": undefined,
            "now": undefined,
            "text": undefined,
          }
        }
        accessible={true}
        collapsable={false}
        focusable={true}
        onClick={[Function]}
        onResponderGrant={[Function]}
        onResponderMove={[Function]}
        onResponderRelease={[Function]}
        onResponderTerminate={[Function]}
        onResponderTerminationRequest={[Function]}
        onStartShouldSetResponder={[Function]}
        style={
          Object {
            "opacity": 1,
          }
        }
      >
        <Text
          allowFontScaling={false}
          selectable={false}
          style={
            Array [
              Object {
                "color": "#FCBA19",
                "fontSize": 24,
              },
              Object {
                "marginHorizontal": 15,
                "marginTop": 15,
              },
              Object {
                "fontFamily": "Material Icons",
                "fontStyle": "normal",
                "fontWeight": "normal",
              },
              Object {},
            ]
          }
        >
          
        </Text>
      </View>
    </View>
  </View>
</View>
`;
