// Jest Snapshot v1, https://goo.gl/fbAQLP

exports[`ContactCredentialListItem Component Renders correctly 1`] = `
<View
  accessibilityHint="ContactDetails.GoToCredentialDetail"
  accessibilityLabel="ContactDetails.CredentialName: undefined"
  accessibilityRole="button"
  accessibilityState={
    Object {
      "busy": undefined,
      "checked": undefined,
      "disabled": undefined,
      "expanded": undefined,
      "selected": undefined,
    }
  }
  accessibilityValue={
    Object {
      "max": undefined,
      "min": undefined,
      "now": undefined,
      "text": undefined,
    }
  }
  accessible={true}
  collapsable={false}
  focusable={true}
  onClick={[Function]}
  onResponderGrant={[Function]}
  onResponderMove={[Function]}
  onResponderRelease={[Function]}
  onResponderTerminate={[Function]}
  onResponderTerminationRequest={[Function]}
  onStartShouldSetResponder={[Function]}
  style={
    Object {
      "alignItems": "center",
      "flexDirection": "row",
      "justifyContent": "space-between",
      "opacity": 1,
    }
  }
>
  <View
    style={
      Object {
        "flex": 9,
      }
    }
  >
    <Text
      maxFontSizeMultiplier={2}
      style={
        Array [
          Object {
            "color": "#FFFFFF",
            "fontSize": 18,
            "fontWeight": "normal",
          },
          Object {
            "color": "#42803E",
            "fontWeight": "600",
          },
        ]
      }
    />
  </View>
  <View
    style={
      Object {
        "flex": 1,
        "padding": 8,
      }
    }
  >
    <
      color="#42803E"
      height={48}
      width={48}
    />
  </View>
</View>
`;
