// Jest Snapshot v1, https://goo.gl/fbAQLP

exports[`CredentialCard11Logo Renders correctly 1`] = `
<View
  style={
    Array [
      Object {
        "alignItems": "center",
        "backgroundColor": "#ffffff",
        "borderRadius": 8,
        "height": 90,
        "justifyContent": "center",
        "left": -52.5,
        "shadowColor": "#000",
        "shadowOffset": Object {
          "height": 1,
          "width": 1,
        },
        "shadowOpacity": 0.3,
        "top": 37.5,
        "width": 90,
      },
      Object {
        "elevation": 0,
      },
    ]
  }
>
  <Text
    style={
      Array [
        Object {
          "fontWeight": "bold",
        },
        Object {
          "alignSelf": "center",
          "color": "#000",
          "fontSize": 45,
        },
      ]
    }
    testID="com.ariesbifold:id/NoLogoText"
  >
    C
  </Text>
</View>
`;
