// Jest Snapshot v1, https://goo.gl/fbAQLP

exports[`LoadingView Component renders correctly 1`] = `
<RNCSafeAreaView
  edges={
    Object {
      "bottom": "additive",
      "left": "additive",
      "right": "additive",
      "top": "additive",
    }
  }
  style={
    Object {
      "alignItems": "center",
      "backgroundColor": "#000000",
      "flexDirection": "column",
      "justifyContent": "center",
      "minHeight": 1334,
    }
  }
>
  <View
    style={
      Object {
        "alignItems": "center",
        "justifyContent": "center",
      }
    }
    testID="com.ariesbifold:id/LoadingActivityIndicator"
  >
    <Image
      source={
        Object {
          "default": "",
        }
      }
      style={
        Object {
          "height": "33%",
          "objectFit": "contain",
          "width": "33%",
        }
      }
      testID="com.ariesbifold:id/LoadingActivityIndicatorImage"
    />
    <View
      collapsable={false}
      style={
        Object {
          "position": "absolute",
          "transform": Array [
            Object {
              "rotate": "0deg",
            },
          ],
        }
      }
    >
      <
        fill="#FFFFFF"
        height={200}
        width={200}
      />
    </View>
  </View>
</RNCSafeAreaView>
`;
