// Jest Snapshot v1, https://goo.gl/fbAQLP

exports[`TourBox Component Renders properly with defaults 1`] = `
<View
  onTouchEnd={[Function]}
  onTouchStart={[Function]}
  style={
    Object {
      "backgroundColor": "#313132",
      "borderColor": "#0099FF",
      "borderRadius": 5,
      "borderWidth": 1,
      "flex": 1,
      "margin": "auto",
      "padding": 20,
    }
  }
>
  <View
    style={
      Object {
        "flexDirection": "row",
        "justifyContent": "space-between",
      }
    }
  >
    <View
      style={
        Object {
          "flexGrow": 1,
        }
      }
    >
      <Text
        accessibilityRole="header"
        allowFontScaling={false}
        style={
          Object {
            "alignSelf": "flex-start",
            "color": "#FFFFFF",
            "fontSize": 26,
            "fontWeight": "bold",
          }
        }
        testID="com.ariesbifold:id/HeaderText"
      >
        Title
      </Text>
    </View>
    <View
      style={
        Object {
          "alignSelf": "flex-end",
        }
      }
    >
      <View
        accessibilityLabel="Global.Close"
        accessibilityRole="button"
        accessibilityState={
          Object {
            "busy": undefined,
            "checked": undefined,
            "disabled": undefined,
            "expanded": undefined,
            "selected": undefined,
          }
        }
        accessibilityValue={
          Object {
            "max": undefined,
            "min": undefined,
            "now": undefined,
            "text": undefined,
          }
        }
        accessible={true}
        collapsable={false}
        focusable={true}
        hitSlop={
          Object {
            "bottom": 44,
            "left": 44,
            "right": 44,
            "top": 44,
          }
        }
        onClick={[Function]}
        onResponderGrant={[Function]}
        onResponderMove={[Function]}
        onResponderRelease={[Function]}
        onResponderTerminate={[Function]}
        onResponderTerminationRequest={[Function]}
        onStartShouldSetResponder={[Function]}
        style={
          Object {
            "opacity": 1,
          }
        }
        testID="com.ariesbifold:id/Close"
      >
        <Text
          allowFontScaling={false}
          selectable={false}
          style={
            Array [
              Object {
                "color": "#0099FF",
                "fontSize": 30,
              },
              undefined,
              Object {
                "fontFamily": "Material Icons",
                "fontStyle": "normal",
                "fontWeight": "normal",
              },
              Object {},
            ]
          }
        >
          î…Œ
        </Text>
      </View>
    </View>
  </View>
  <View
    style={
      Object {
        "flex": 1,
        "marginVertical": 16,
      }
    }
  />
  <View
    style={
      Object {
        "flexDirection": "row",
        "justifyContent": "space-around",
      }
    }
  >
    <View>
      <View
        accessibilityLabel="Left"
        accessibilityRole="button"
        accessibilityState={
          Object {
            "busy": undefined,
            "checked": undefined,
            "disabled": undefined,
            "expanded": undefined,
            "selected": undefined,
          }
        }
        accessibilityValue={
          Object {
            "max": undefined,
            "min": undefined,
            "now": undefined,
            "text": undefined,
          }
        }
        accessible={true}
        collapsable={false}
        focusable={true}
        hitSlop={
          Object {
            "bottom": 44,
            "left": 44,
            "right": 44,
            "top": 44,
          }
        }
        onClick={[Function]}
        onResponderGrant={[Function]}
        onResponderMove={[Function]}
        onResponderRelease={[Function]}
        onResponderTerminate={[Function]}
        onResponderTerminationRequest={[Function]}
        onStartShouldSetResponder={[Function]}
        style={
          Object {
            "opacity": 1,
          }
        }
        testID="com.ariesbifold:id/Back"
      >
        <Text
          allowFontScaling={false}
          style={
            Object {
              "color": "#42803E",
              "fontSize": 18,
              "fontWeight": "bold",
            }
          }
        >
          Left
        </Text>
      </View>
    </View>
    <View
      style={
        Object {
          "alignSelf": "center",
          "flexDirection": "row",
        }
      }
    />
    <View>
      <View
        accessibilityLabel="Right"
        accessibilityRole="button"
        accessibilityState={
          Object {
            "busy": undefined,
            "checked": undefined,
            "disabled": undefined,
            "expanded": undefined,
            "selected": undefined,
          }
        }
        accessibilityValue={
          Object {
            "max": undefined,
            "min": undefined,
            "now": undefined,
            "text": undefined,
          }
        }
        accessible={true}
        collapsable={false}
        focusable={true}
        hitSlop={
          Object {
            "bottom": 44,
            "left": 44,
            "right": 44,
            "top": 44,
          }
        }
        onClick={[Function]}
        onResponderGrant={[Function]}
        onResponderMove={[Function]}
        onResponderRelease={[Function]}
        onResponderTerminate={[Function]}
        onResponderTerminationRequest={[Function]}
        onStartShouldSetResponder={[Function]}
        style={
          Object {
            "opacity": 1,
          }
        }
        testID="com.ariesbifold:id/Next"
      >
        <Text
          allowFontScaling={false}
          style={
            Object {
              "color": "#42803E",
              "fontSize": 18,
              "fontWeight": "bold",
            }
          }
        >
          Right
        </Text>
      </View>
    </View>
  </View>
</View>
`;
