// Jest Snapshot v1, https://goo.gl/fbAQLP

exports[`UnorderedList Component Renders correctly 1`] = `
Array [
  <View
    style={
      Object {
        "display": "flex",
        "flexDirection": "row",
        "marginBottom": 5,
      }
    }
  >
    <Text
      maxFontSizeMultiplier={2}
      style={
        Array [
          Object {
            "color": "#FFFFFF",
            "fontSize": 18,
            "fontWeight": "normal",
          },
          Object {
            "color": "#FFFFFF",
            "paddingLeft": 5,
          },
        ]
      }
    >
      •
    </Text>
    <Text
      maxFontSizeMultiplier={2}
      style={
        Array [
          Object {
            "color": "#FFFFFF",
            "fontSize": 18,
            "fontWeight": "normal",
          },
          Object {
            "color": "#FFFFFF",
            "flex": 1,
            "paddingLeft": 5,
          },
        ]
      }
    >
      item1
    </Text>
  </View>,
  <View
    style={
      Object {
        "display": "flex",
        "flexDirection": "row",
        "marginBottom": 5,
      }
    }
  >
    <Text
      maxFontSizeMultiplier={2}
      style={
        Array [
          Object {
            "color": "#FFFFFF",
            "fontSize": 18,
            "fontWeight": "normal",
          },
          Object {
            "color": "#FFFFFF",
            "paddingLeft": 5,
          },
        ]
      }
    >
      •
    </Text>
    <Text
      maxFontSizeMultiplier={2}
      style={
        Array [
          Object {
            "color": "#FFFFFF",
            "fontSize": 18,
            "fontWeight": "normal",
          },
          Object {
            "color": "#FFFFFF",
            "flex": 1,
            "paddingLeft": 5,
          },
        ]
      }
    >
      item2
    </Text>
  </View>,
  <View
    style={
      Object {
        "display": "flex",
        "flexDirection": "row",
        "marginBottom": 5,
      }
    }
  >
    <Text
      maxFontSizeMultiplier={2}
      style={
        Array [
          Object {
            "color": "#FFFFFF",
            "fontSize": 18,
            "fontWeight": "normal",
          },
          Object {
            "color": "#FFFFFF",
            "paddingLeft": 5,
          },
        ]
      }
    >
      •
    </Text>
    <Text
      maxFontSizeMultiplier={2}
      style={
        Array [
          Object {
            "color": "#FFFFFF",
            "fontSize": 18,
            "fontWeight": "normal",
          },
          Object {
            "color": "#FFFFFF",
            "flex": 1,
            "paddingLeft": 5,
          },
        ]
      }
    >
      item3
    </Text>
  </View>,
]
`;
