// Jest Snapshot v1, https://goo.gl/fbAQLP

exports[`VerifierCredentialCard Component Renders correctly 1`] = `
<View
  onLayout={[Function]}
  style={
    Array [
      Object {
        "backgroundColor": "#6c4637",
        "borderRadius": 10,
      },
      Object {},
      Object {
        "elevation": 5,
        "overflow": "hidden",
      },
    ]
  }
>
  <View
    testID="com.ariesbifold:id/CredentialCard"
  >
    <View
      accessibilityLabel="Credentials.IssuedBy Unknown Contact,  Unverified Person Credentials.Credential. given_names, undefined null, family_name, undefined null"
      accessible={true}
      style={
        Object {
          "flexDirection": "row",
          "minHeight": 247.5,
        }
      }
    >
      <View
        style={
          Object {
            "backgroundColor": "#6c4637",
            "borderBottomLeftRadius": 10,
            "borderTopLeftRadius": 10,
            "width": 90,
          }
        }
        testID="com.ariesbifold:id/CredentialCardSecondaryBody"
      />
      <View
        style={
          Array [
            Object {
              "alignItems": "center",
              "backgroundColor": "#ffffff",
              "borderRadius": 8,
              "height": 90,
              "justifyContent": "center",
              "left": -52.5,
              "shadowColor": "#000",
              "shadowOffset": Object {
                "height": 1,
                "width": 1,
              },
              "shadowOpacity": 0.3,
              "top": 37.5,
              "width": 90,
            },
            Object {
              "elevation": 5,
            },
          ]
        }
      >
        <Text
          style={
            Array [
              Object {
                "color": "#FFFFFF",
                "fontSize": 18,
                "fontWeight": "bold",
              },
              Object {
                "alignSelf": "center",
                "color": "#000",
                "fontSize": 45,
              },
            ]
          }
          testID="com.ariesbifold:id/NoLogoText"
        >
          U
        </Text>
      </View>
      <View
        style={
          Object {
            "flex": 1,
            "marginLeft": -52.5,
            "padding": 37.5,
          }
        }
        testID="com.ariesbifold:id/CredentialCardPrimaryBody"
      >
        <View>
          <View
            style={
              Object {
                "flexDirection": "row",
              }
            }
          >
            <Text
              style={
                Array [
                  Object {
                    "color": "#FFFFFF",
                    "fontSize": 18,
                    "fontWeight": "bold",
                  },
                  Object {
                    "color": "#FFFFFF",
                    "flexShrink": 1,
                    "lineHeight": 24,
                  },
                  Object {
                    "flex": 1,
                    "flexWrap": "wrap",
                  },
                ]
              }
              testID="com.ariesbifold:id/CredentialName"
            >
              Unverified Person
            </Text>
          </View>
        </View>
        <RCTScrollView
          data={
            Array [
              Object {
                "format": undefined,
                "name": "given_names",
                "nonRevoked": Object {
                  "to": 1708583231,
                },
                "restrictions": Array [
                  Object {
                    "issuer_did": "4eCXHS79ykiMv2PoBxPK23",
                    "schema_id": "4eCXHS79ykiMv2PoBxPK23:2:unverified_person:0.1.0",
                  },
                  Object {
                    "issuer_did": "HTkhhCW1bAXWnxC1u3YVoa",
                    "schema_id": "HTkhhCW1bAXWnxC1u3YVoa:2:unverified_person:0.1.0",
                  },
                  Object {
                    "issuer_did": "Ui6HA36FvN83cEtmYYHxrn",
                    "schema_id": "Ui6HA36FvN83cEtmYYHxrn:2:unverified_person:0.1.0",
                  },
                ],
                "value": null,
              },
              Object {
                "format": undefined,
                "name": "family_name",
                "nonRevoked": Object {
                  "to": 1708583231,
                },
                "restrictions": Array [
                  Object {
                    "issuer_did": "4eCXHS79ykiMv2PoBxPK23",
                    "schema_id": "4eCXHS79ykiMv2PoBxPK23:2:unverified_person:0.1.0",
                  },
                  Object {
                    "issuer_did": "HTkhhCW1bAXWnxC1u3YVoa",
                    "schema_id": "HTkhhCW1bAXWnxC1u3YVoa:2:unverified_person:0.1.0",
                  },
                  Object {
                    "issuer_did": "Ui6HA36FvN83cEtmYYHxrn",
                    "schema_id": "Ui6HA36FvN83cEtmYYHxrn:2:unverified_person:0.1.0",
                  },
                ],
                "value": null,
              },
            ]
          }
          getItem={[Function]}
          getItemCount={[Function]}
          initialNumToRender={2}
          keyExtractor={[Function]}
          onContentSizeChange={[Function]}
          onLayout={[Function]}
          onMomentumScrollBegin={[Function]}
          onMomentumScrollEnd={[Function]}
          onScroll={[Function]}
          onScrollBeginDrag={[Function]}
          onScrollEndDrag={[Function]}
          removeClippedSubviews={false}
          renderItem={[Function]}
          scrollEnabled={false}
          scrollEventThrottle={50}
          stickyHeaderIndices={Array []}
          viewabilityConfigCallbackPairs={Array []}
        >
          <View>
            <View
              onFocusCapture={[Function]}
              onLayout={[Function]}
              style={null}
            >
              <View
                style={
                  Object {
                    "gap": 4,
                    "marginVertical": 16,
                  }
                }
              />
            </View>
            <View
              onFocusCapture={[Function]}
              onLayout={[Function]}
              style={null}
            >
              <View
                style={
                  Object {
                    "gap": 4,
                    "marginVertical": 16,
                  }
                }
              />
            </View>
          </View>
        </RCTScrollView>
      </View>
    </View>
  </View>
</View>
`;
