// Jest Snapshot v1, https://goo.gl/fbAQLP

exports[`ImageModal component Renders correctly 1`] = `
<Modal
  hardwareAccelerated={false}
  transparent={true}
  visible={true}
>
  <View
    accessibilityState={
      Object {
        "busy": undefined,
        "checked": undefined,
        "disabled": undefined,
        "expanded": undefined,
        "selected": undefined,
      }
    }
    accessibilityValue={
      Object {
        "max": undefined,
        "min": undefined,
        "now": undefined,
        "text": undefined,
      }
    }
    accessible={false}
    collapsable={false}
    focusable={true}
    onClick={[Function]}
    onResponderGrant={[Function]}
    onResponderMove={[Function]}
    onResponderRelease={[Function]}
    onResponderTerminate={[Function]}
    onResponderTerminationRequest={[Function]}
    onStartShouldSetResponder={[Function]}
    style={
      Object {
        "opacity": 1,
      }
    }
  >
    <View
      style={
        Object {
          "alignItems": "center",
          "backgroundColor": "rgba(0, 0, 0, 0.5)",
          "flex": 1,
          "justifyContent": "center",
          "minHeight": 1334,
          "minWidth": 750,
          "paddingHorizontal": 20,
          "paddingVertical": 50,
        }
      }
    >
      <View
        accessibilityState={
          Object {
            "busy": undefined,
            "checked": undefined,
            "disabled": undefined,
            "expanded": undefined,
            "selected": undefined,
          }
        }
        accessible={false}
        focusable={false}
        onClick={[Function]}
        onResponderGrant={[Function]}
        onResponderMove={[Function]}
        onResponderRelease={[Function]}
        onResponderTerminate={[Function]}
        onResponderTerminationRequest={[Function]}
        onStartShouldSetResponder={[Function]}
        style={
          Object {
            "backgroundColor": "#000000",
            "flexShrink": 1,
          }
        }
      >
        <View
          style={
            Object {
              "position": "absolute",
              "right": 20,
              "top": 20,
              "zIndex": 10,
            }
          }
        >
          <View
            accessibilityLabel="Global.Dismiss"
            accessibilityRole="button"
            accessibilityState={
              Object {
                "busy": undefined,
                "checked": undefined,
                "disabled": undefined,
                "expanded": undefined,
                "selected": undefined,
              }
            }
            accessibilityValue={
              Object {
                "max": undefined,
                "min": undefined,
                "now": undefined,
                "text": undefined,
              }
            }
            accessible={true}
            collapsable={false}
            focusable={true}
            hitSlop={
              Object {
                "bottom": 44,
                "left": 44,
                "right": 44,
                "top": 44,
              }
            }
            onClick={[Function]}
            onResponderGrant={[Function]}
            onResponderMove={[Function]}
            onResponderRelease={[Function]}
            onResponderTerminate={[Function]}
            onResponderTerminationRequest={[Function]}
            onStartShouldSetResponder={[Function]}
            style={
              Object {
                "opacity": 1,
              }
            }
            testID="com.ariesbifold:id/Dismiss"
          >
            <Text
              allowFontScaling={false}
              selectable={false}
              style={
                Array [
                  Object {
                    "color": "#42803E",
                    "fontSize": 30,
                  },
                  undefined,
                  Object {
                    "fontFamily": "Material Icons",
                    "fontStyle": "normal",
                    "fontWeight": "normal",
                  },
                  Object {},
                ]
              }
            >
              î…Œ
            </Text>
          </View>
        </View>
        <Image
          source={
            Object {
              "uri": "data:image/png;base64,iVBORw0KGgoAAAANSUhEUgAAAE0AAABcCAYAAAArgziOAAAABmJLR0QA/wD/AP+gvaeTAAAKqklEQVR42u2ceXAT5xXAlTad6TRN0yvTaf9okxbbEIKxtLa0ki/5knHwEd834AtjwuFgjDGH7WDMYQ7j2wLfhyQ7pRQMTNo0M7SlkzaTtGlpSJoMKRnI0YFSAgZsY/n1fWtpWR2OZdCxlvfNvJG0Wq20P717P0kkEkQQQQQRxEK8/P2f9BDL0z0pusFTTJ/xlNBv4+15vD3rRdHVXhL5MoqiviGQQvGk5AsRjA71HirMoFc9KdnWZ5TKb85LWN7e3k94SWRtCGLCBlgm6iGhL+BrvecVsEU+Mg88+X/MFpaZ3vISS33nR+zylj7rKZF/9ojAjHptkVjxM7cGtmRJwPfQtT60E7ApV6Xkr7q3lU3FMLC7+ij83BLYAoqW4AnqHQJNQte4Z2khoY86CBhgPfcXtwNGilI8uZsOgyahL7sdNAz+ixwIjOh1NgzIZN9xjwQgpmMdDO1dQwioIS2YAM021aJuM9zXu4W1eUqkgQ6FJpb1ch7rFy9Wfnvulxv4zePJjDkIGmn0JzmZ9IzbJAM8odcdAc1LQt948Fh+w0MiP433B/G+GsNCPU5RKnBbIbH2Z3yU351jGVQe7eC4ZovqEfI76M57FlLyJXPD2sT0b3kAjqs46JSliZKTv87fkRBF/Rjd5hLPwKHKPsAvNIrHPajiFzjS/hf/wE1NTBZKpT/g7dTWQ0y34Ae9z0N4ny6QyGjeWt3PqYCfotXtM0xxJ3gE7h4mjJS5kCSibLy44iydwCSRzfdZ200euuoEaQH5B0wc+DS66BU+JgaDjnj4KHz4xOwxvAj8Gx4DY0sSkrz4EccoOp+voOiAEPNtzfxwS5O+kT/6vEIJHzY1Q15iqmkL5urrrHhlqpaXwORKUMWmwKRWA7d6uiEwOJw7HDjnaisb4RuwxfJgkEXGQtXajQA6LaPDFa+Y7LNALA921cSjlG/AlviHgEwVi9Di4Pe1B1hoE2hxkeFR3KRwwlWztff5BMw7IJyBRXR5fBqMawZYaEQ7Skq5+98ngwenAiNzLN4Ao+TgE6xigRHtLN9hAozotY52wM/NtbaXnFxmyEr4AMzL1x+o0BdMgEViArjd22sBjWjS8jjOUi/Za852zWFXA3tOGgh+4TEmwIgOVeyyCozokXUbTLoEpVL5uDML2iuuLimkhoDP1fzsPNBj0J8O2rk9e82ugEmXOmkURD3l0vgVpLKARTQsJgmuHjs2LTBjXDMZWOL6YCdZGbO+1unAFvr5g2/ocqvA5MtehDcPHf5KYEaVc1srSl7urCQQ4IqCVaqKsQ4M9dSuGquASEdw4cgRuNzaym5LiY7nQKMPOal1ki9zWnZEXRoUYRUWUUVUPJyu3jOtVe1ZXTR1HHTr9pLNMDowAMWZqxir9fJVkOe6nDmdtT8gSoH1ViT4RcSA/IUECIxLhZCkbAhNXgmhKajJK0CZlAXB8RkQEJMC4VhavHW4blpgN7Hs6KmshtycIlDh6yPS8yAiI99Ew9Jy7+PtWxEZhR4OhiYPs2+tpQAqLBpCU3NMTojAIoAC49IYgIFx6RAUn8lsV2XmQ1RmAezctBX+XN8IE5oHGfNiaxvs3rydeT46ezVUlpTD4O598OuaffBBqxqqitaDJCQKj5XBvld4ZkGBY3tOipbZJbAjLF+0qrC0HAsLIICsuWNCUgac238QrnV3Q115Bbt/0qoiKNmwGVbkr2e3Hcbnb/f1WVhgp6GdIi6L732P7KtKK1A49mIxLl+fCUhcVDT0bdkK5/fvh1OVVVC+Mg+el/ozzy3yCwApZjt0DRNQIeh+oSlTAOmoBBNYSclZcLyqGsYG+k0A1JbttABOdPP6UiYJWHNbTdk29nMGJ2Z9jvs7vjMgVTS+4fh0wMpX5aK7DFh82H+3tEyq4pJvhaebwgqKT8cYFs/A8cdYRbaRmEYj2KKVBYxl6aeJW2f3H2L2j8kuhK6qGigoLGYen9hby0A7ubMSzlbtMgF4YkcF+1lDU1Z9oUrPe9FZbdSb1oAtw/HLWH//tMH5QnPLxxEZJCDngX90MviGLWdHOURpzIbkpGtLyuBTs0L1UksLlGStYqYVxm1DGKsYSBivJnp64L2WNubxGYT56rYd7Oc6jdZufM2pikrWPSPS80cjk/O+79KJ7WuvVM9YXG7KX/uRd2AYSDGeRaOVrUFrOrBxM1NrfaJWQ+yKQnj9oGWhmpuYwr7Pew0NrHtGo5WN4HR2pLGRsaj4lWvQ6nZD4/pidn9SbrCgDTCfkwWRL+8T501tJXSMOTAKC9Dxgf4ZoY3iPnetBGijknhEgrj59tLsnKlBI9ZY/2lvZwBl5a2DmtLtoO/vg1t1dTCGbdK24jLmGF929zCvKVuRw4y8jcfp2VLGHAet/Hp4Rn6/E5ciUE9h4XmHCy0jNtGmNmYmPb6nFq1tDVNncbff7euFwfLtcBFLDPKYlBrEFd9pbAY9Pkeg3a6vh1/t3s+UG9e7u60eX/3yJsY1MZ7dRGgJTh53yzq40IpSM+0CbQStMBFLiL2lO6adWHze2QmpOWsZi2LG2QZoRK81NTEuSkqQESsW3bhhIyacZJK9ryqVVY87FRr5LRMXWlpMgl2gET1/pAGWZRVA2cYt8Fe8DHcDgzypua6gW2qr9zJQ0nNfgi86uyygEf3TgcNMYUv2IYUtKXg/PtoObxysg2SMmaGpufdDUnOXilwh5Kc57IxeGsDEK3uBe7uxCQrXFFvUYCRRHNpaAf9FkOyFEzNoJCl81KZm4puK89oktM6clYWw1D8s1XXXPX1pf+6qbFID2QuaUUls+ntTKxO7iLWMD1jWgObQmKRgKFnuYpK4jPdJF0HcfWdO/iWylMLVy6u62WIxNNIkUzlLJ3ofJIK7OAYa7+gA/TRW3/7ylrUuX5rwrEz2I+7ShPykNLjX3+dUaJPYgUz09ti2v1b7E56sTZOpuMtIE/Gqz/uGAtR8KPi/ri6nWyJHb0NV1dd4s94Kh5PF3Gy6CGuhdWlZ8MvtO+CPe/eBrnwbpMbEM0sEXAjtD/xbPopLmWaagNgLGolZJAHM6nWD2sO8XEaKSzXLnAHtPiYcY3kx1n4M45rGhtfpEkR8lanfMVlf6W0398T4eKe5mQU3aWUcZaajcPLkkyI+ywKxQo6QLk4HjTTZNpzojOD0thfUw6K5IOR37wZ3HbNmaffa2mZz0o+mgwORorkkzD/GkH+6wvUTXGjE2khBSkY6oNU4EJrubwDwmGguCvnN0oW6+ndNq/keBtwI1nXjnR2OgDcJQ5oA0VwWrMg1FuUDWtydpka2FSJuS7KjfQDqKkRzXaxBM+p4VyeTCY1NNwNQ3YYW2PkwsU8POs3uOeuWtkJjazCcSBjLCa7eaWwcg6EBKVrPajxOK+77O9RLqOMmrZJOdwafd5+/GLMFGnfkM3pUzVgcU481NIx+5bG7utzz3/9mA83U+rrQVdVXRfNRHhaaoXd8Q4A2ex0WoM26bdIOCtBmr13zE5pO2/4IMa1+nkLT+U0Vng/lnkmi+SpoMZUPAe2foFbP37+wJq0NWtx2my1uUPsZDA15iQRBeBqNN0I5jnp3GmBfoqpxvx8KtMzhDQ9/CwYHg2BQk44WWMTcarWBbtsWCSKIIIIIIogggggiCJ/k//d9/eRF/vu8AAAAAElFTkSuQmCC",
            }
          }
          style={
            Object {
              "aspectRatio": 1,
              "resizeMode": "contain",
              "width": 710,
            }
          }
        />
      </View>
    </View>
  </View>
</Modal>
`;
