// Jest Snapshot v1, https://goo.gl/fbAQLP

exports[`createConnectionInvitation Create connection invitation 1`] = `
Object {
  "invitation": Object {
    "toUrl": [MockFunction] {
      "calls": Array [
        Array [
          Object {
            "domain": "didcomm://invite",
          },
        ],
      ],
      "results": Array [
        Object {
          "type": "return",
          "value": Promise {},
        },
      ],
    },
  },
  "invitationUrl": Promise {},
  "record": Object {
    "_tags": Object {
      "recipientKeyFingerprints": Array [
        "z6MkgopJypqUusEtLpSkn9NckpjGjpyoAk9aC6RpTETx3W7p",
      ],
    },
    "autoAcceptConnection": true,
    "createdAt": "2023-07-19T23:14:48.816Z",
    "id": "8dcd8d3a-1332-4e7c-8f76-ad2014ea406d",
    "mediatorId": "4d06602b-c297-4c86-99d9-938e864cac28",
    "metadata": Object {},
    "outOfBandInvitation": Object {
      "toUrl": [MockFunction] {
        "calls": Array [
          Array [
            Object {
              "domain": "didcomm://invite",
            },
          ],
        ],
        "results": Array [
          Object {
            "type": "return",
            "value": Promise {},
          },
        ],
      },
    },
    "reusable": false,
    "role": "sender",
    "state": "await-response",
    "updatedAt": "2023-07-19T23:14:48.816Z",
  },
}
`;

exports[`credentialSortFn Sorts retrieved credentials by revocation 1`] = `
Array [
  Object {
    "credentialId": "4e91a381-7ed6-4ea7-8011-39a11cbd0c18",
    "credentialInfo": Object {
      "attrs": Object {
        "Given Name": "Francis",
        "Member Status": "Practising",
        "Member Status Code": "PRAC",
        "PPID": "MC12349",
        "Surname": "Goodrangsy",
      },
      "cred_def_id": "AuJrigKQGRLJajKAebTgWu:3:CL:209526:default",
      "cred_rev_id": "11",
      "referent": "4e91a381-7ed6-4ea7-8011-39a11cbd0c18",
      "rev_reg_id": "AuJrigKQGRLJajKAebTgWu:4:AuJrigKQGRLJajKAebTgWu:3:CL:209526:default:CL_ACCUM:7aa88d5c-e1e8-488c-a0a5-63aee1b0ae66",
      "schema_id": "AuJrigKQGRLJajKAebTgWu:2:Member Card:1.5.1",
    },
    "revealed": true,
    "revoked": false,
    "timestamp": 1654889164,
  },
  Object {
    "credentialId": "d1092422-08d0-448f-8ea0-fd7f33018277",
    "credentialInfo": Object {
      "attrs": Object {
        "Given Name": "Francis",
        "Member Status": "Practising",
        "Member Status Code": "PRAC",
        "PPID": "MC12349",
        "Surname": "Goodrangsy",
      },
      "cred_def_id": "AuJrigKQGRLJajKAebTgWu:3:CL:209526:default",
      "cred_rev_id": "9",
      "referent": "d1092422-08d0-448f-8ea0-fd7f33018277",
      "rev_reg_id": "AuJrigKQGRLJajKAebTgWu:4:AuJrigKQGRLJajKAebTgWu:3:CL:209526:default:CL_ACCUM:7aa88d5c-e1e8-488c-a0a5-63aee1b0ae66",
      "schema_id": "AuJrigKQGRLJajKAebTgWu:2:Member Card:1.5.1",
    },
    "revealed": true,
    "revoked": true,
    "timestamp": 1654889165,
  },
  Object {
    "credentialId": "8fb6c834-76e8-46ac-9c75-6a5e984e6c6a",
    "credentialInfo": Object {
      "attrs": Object {
        "Given Name": "Francis",
        "Member Status": "Practising",
        "Member Status Code": "PRAC",
        "PPID": "MC12349",
        "Surname": "Goodrangsy",
      },
      "cred_def_id": "AuJrigKQGRLJajKAebTgWu:3:CL:209526:default",
      "cred_rev_id": "10",
      "referent": "8fb6c834-76e8-46ac-9c75-6a5e984e6c6a",
      "rev_reg_id": "AuJrigKQGRLJajKAebTgWu:4:AuJrigKQGRLJajKAebTgWu:3:CL:209526:default:CL_ACCUM:7aa88d5c-e1e8-488c-a0a5-63aee1b0ae66",
      "schema_id": "AuJrigKQGRLJajKAebTgWu:2:Member Card:1.5.1",
    },
    "revealed": true,
    "revoked": true,
    "timestamp": 1654889163,
  },
]
`;
