// Jest Snapshot v1, https://goo.gl/fbAQLP

exports[`DismissiblePopupModal Component Renders correctly with call to action 1`] = `
<Modal
  hardwareAccelerated={false}
  transparent={true}
  visible={true}
>
  <View
    accessibilityState={
      Object {
        "busy": undefined,
        "checked": undefined,
        "disabled": undefined,
        "expanded": undefined,
        "selected": undefined,
      }
    }
    accessibilityValue={
      Object {
        "max": undefined,
        "min": undefined,
        "now": undefined,
        "text": undefined,
      }
    }
    accessible={false}
    collapsable={false}
    focusable={true}
    onClick={[Function]}
    onResponderGrant={[Function]}
    onResponderMove={[Function]}
    onResponderRelease={[Function]}
    onResponderTerminate={[Function]}
    onResponderTerminationRequest={[Function]}
    onStartShouldSetResponder={[Function]}
    style={
      Object {
        "opacity": 1,
      }
    }
  >
    <View
      style={
        Object {
          "alignItems": "center",
          "backgroundColor": "rgba(0, 0, 0, 0.5)",
          "flex": 1,
          "justifyContent": "center",
          "minHeight": 1334,
          "minWidth": 750,
          "padding": 20,
        }
      }
    >
      <View
        accessibilityState={
          Object {
            "busy": undefined,
            "checked": undefined,
            "disabled": undefined,
            "expanded": undefined,
            "selected": undefined,
          }
        }
        accessible={false}
        focusable={false}
        onClick={[Function]}
        onResponderGrant={[Function]}
        onResponderMove={[Function]}
        onResponderRelease={[Function]}
        onResponderTerminate={[Function]}
        onResponderTerminationRequest={[Function]}
        onStartShouldSetResponder={[Function]}
        style={
          Object {
            "backgroundColor": "#313132",
            "borderColor": "#0099FF",
            "borderRadius": 5,
            "borderWidth": 1,
            "flex": 1,
            "maxHeight": "70%",
            "maxWidth": 750,
            "minWidth": 700,
            "padding": 10,
          }
        }
      >
        <View
          style={
            Object {
              "flexDirection": "row",
              "justifyContent": "space-between",
              "paddingHorizontal": 5,
              "paddingTop": 5,
            }
          }
        >
          <View
            style={
              Object {
                "alignSelf": "center",
                "marginRight": 10,
              }
            }
          >
            <Text
              allowFontScaling={false}
              selectable={false}
              style={
                Array [
                  Object {
                    "color": "#0099FF",
                    "fontSize": 30,
                  },
                  undefined,
                  Object {
                    "fontFamily": "Material Icons",
                    "fontStyle": "normal",
                    "fontWeight": "normal",
                  },
                  Object {},
                ]
              }
            >
              
            </Text>
          </View>
          <View
            style={
              Object {
                "flexShrink": 1,
              }
            }
          >
            <Text
              maxFontSizeMultiplier={2}
              style={
                Array [
                  Object {
                    "color": "#FFFFFF",
                    "fontSize": 18,
                    "fontWeight": "bold",
                  },
                  Object {
                    "alignSelf": "flex-start",
                    "color": "#FFFFFF",
                    "fontSize": 18,
                    "fontWeight": "bold",
                  },
                ]
              }
              testID="com.ariesbifold:id/HeaderText"
            >
              Test Title
            </Text>
          </View>
          <View
            style={
              Object {
                "alignSelf": "flex-start",
              }
            }
          >
            <View
              accessibilityLabel="Global.Dismiss"
              accessibilityRole="button"
              accessibilityState={
                Object {
                  "busy": undefined,
                  "checked": undefined,
                  "disabled": undefined,
                  "expanded": undefined,
                  "selected": undefined,
                }
              }
              accessibilityValue={
                Object {
                  "max": undefined,
                  "min": undefined,
                  "now": undefined,
                  "text": undefined,
                }
              }
              accessible={true}
              collapsable={false}
              focusable={true}
              hitSlop={
                Object {
                  "bottom": 44,
                  "left": 44,
                  "right": 44,
                  "top": 44,
                }
              }
              onClick={[Function]}
              onResponderGrant={[Function]}
              onResponderMove={[Function]}
              onResponderRelease={[Function]}
              onResponderTerminate={[Function]}
              onResponderTerminationRequest={[Function]}
              onStartShouldSetResponder={[Function]}
              style={
                Object {
                  "opacity": 1,
                }
              }
              testID="com.ariesbifold:id/Dismiss"
            >
              <Text
                allowFontScaling={false}
                selectable={false}
                style={
                  Array [
                    Object {
                      "color": "#0099FF",
                      "fontSize": 30,
                    },
                    undefined,
                    Object {
                      "fontFamily": "Material Icons",
                      "fontStyle": "normal",
                      "fontWeight": "normal",
                    },
                    Object {},
                  ]
                }
              >
                
              </Text>
            </View>
          </View>
        </View>
        <View
          style={
            Object {
              "flexShrink": 1,
              "justifyContent": "space-between",
              "marginLeft": 40,
              "paddingBottom": 5,
              "paddingHorizontal": 5,
            }
          }
        >
          <RCTScrollView
            contentContainerStyle={
              Object {
                "flexGrow": 1,
              }
            }
            showsVerticalScrollIndicator={false}
            style={
              Object {
                "flex": 1,
              }
            }
          >
            <View>
              <View
                onStartShouldSetResponder={[Function]}
              >
                <Text
                  maxFontSizeMultiplier={2}
                  selectable={true}
                  style={
                    Array [
                      Object {
                        "color": "#FFFFFF",
                        "fontSize": 18,
                        "fontWeight": "normal",
                      },
                      Object {
                        "color": "#FFFFFF",
                        "fontSize": 18,
                        "fontWeight": "normal",
                        "paddingVertical": 16,
                      },
                    ]
                  }
                  testID="com.ariesbifold:id/BodyText"
                >
                  Lorem ipsum sit dolar amet
                </Text>
              </View>
            </View>
          </RCTScrollView>
          <View
            style={
              Object {
                "paddingTop": 10,
              }
            }
          >
            <View
              accessibilityLabel="Global.Okay"
              accessibilityRole="button"
              accessibilityState={
                Object {
                  "busy": undefined,
                  "checked": undefined,
                  "disabled": false,
                  "expanded": undefined,
                  "selected": undefined,
                }
              }
              accessibilityValue={
                Object {
                  "max": undefined,
                  "min": undefined,
                  "now": undefined,
                  "text": undefined,
                }
              }
              accessible={true}
              collapsable={false}
              focusable={true}
              onClick={[Function]}
              onResponderGrant={[Function]}
              onResponderMove={[Function]}
              onResponderRelease={[Function]}
              onResponderTerminate={[Function]}
              onResponderTerminationRequest={[Function]}
              onStartShouldSetResponder={[Function]}
              style={
                Object {
                  "backgroundColor": "#42803E",
                  "borderRadius": 4,
                  "opacity": 1,
                  "padding": 16,
                }
              }
              testID="com.ariesbifold:id/Okay"
            >
              <View
                style={
                  Object {
                    "alignItems": "center",
                    "flexDirection": "row",
                    "justifyContent": "center",
                  }
                }
              >
                <Text
                  maxFontSizeMultiplier={2}
                  style={
                    Array [
                      Object {
                        "color": "#FFFFFF",
                        "fontSize": 18,
                        "fontWeight": "normal",
                      },
                      Array [
                        Object {
                          "color": "#FFFFFF",
                          "fontSize": 18,
                          "fontWeight": "bold",
                          "textAlign": "center",
                        },
                        false,
                        false,
                        false,
                      ],
                    ]
                  }
                >
                  Global.Okay
                </Text>
              </View>
            </View>
          </View>
        </View>
      </View>
    </View>
  </View>
</Modal>
`;

exports[`DismissiblePopupModal Component Renders correctly without call to action 1`] = `
<Modal
  hardwareAccelerated={false}
  transparent={true}
  visible={true}
>
  <View
    accessibilityState={
      Object {
        "busy": undefined,
        "checked": undefined,
        "disabled": undefined,
        "expanded": undefined,
        "selected": undefined,
      }
    }
    accessibilityValue={
      Object {
        "max": undefined,
        "min": undefined,
        "now": undefined,
        "text": undefined,
      }
    }
    accessible={false}
    collapsable={false}
    focusable={true}
    onClick={[Function]}
    onResponderGrant={[Function]}
    onResponderMove={[Function]}
    onResponderRelease={[Function]}
    onResponderTerminate={[Function]}
    onResponderTerminationRequest={[Function]}
    onStartShouldSetResponder={[Function]}
    style={
      Object {
        "opacity": 1,
      }
    }
  >
    <View
      style={
        Object {
          "alignItems": "center",
          "backgroundColor": "rgba(0, 0, 0, 0.5)",
          "flex": 1,
          "justifyContent": "center",
          "minHeight": 1334,
          "minWidth": 750,
          "padding": 20,
        }
      }
    >
      <View
        accessibilityState={
          Object {
            "busy": undefined,
            "checked": undefined,
            "disabled": undefined,
            "expanded": undefined,
            "selected": undefined,
          }
        }
        accessible={false}
        focusable={false}
        onClick={[Function]}
        onResponderGrant={[Function]}
        onResponderMove={[Function]}
        onResponderRelease={[Function]}
        onResponderTerminate={[Function]}
        onResponderTerminationRequest={[Function]}
        onStartShouldSetResponder={[Function]}
        style={
          Object {
            "backgroundColor": "#313132",
            "borderColor": "#0099FF",
            "borderRadius": 5,
            "borderWidth": 1,
            "flex": 1,
            "maxHeight": "70%",
            "maxWidth": 750,
            "minWidth": 700,
            "padding": 10,
          }
        }
      >
        <View
          style={
            Object {
              "flexDirection": "row",
              "justifyContent": "space-between",
              "paddingHorizontal": 5,
              "paddingTop": 5,
            }
          }
        >
          <View
            style={
              Object {
                "alignSelf": "center",
                "marginRight": 10,
              }
            }
          >
            <Text
              allowFontScaling={false}
              selectable={false}
              style={
                Array [
                  Object {
                    "color": "#0099FF",
                    "fontSize": 30,
                  },
                  undefined,
                  Object {
                    "fontFamily": "Material Icons",
                    "fontStyle": "normal",
                    "fontWeight": "normal",
                  },
                  Object {},
                ]
              }
            >
              
            </Text>
          </View>
          <View
            style={
              Object {
                "flexShrink": 1,
              }
            }
          >
            <Text
              maxFontSizeMultiplier={2}
              style={
                Array [
                  Object {
                    "color": "#FFFFFF",
                    "fontSize": 18,
                    "fontWeight": "bold",
                  },
                  Object {
                    "alignSelf": "flex-start",
                    "color": "#FFFFFF",
                    "fontSize": 18,
                    "fontWeight": "bold",
                  },
                ]
              }
              testID="com.ariesbifold:id/HeaderText"
            >
              Test Title
            </Text>
          </View>
          <View
            style={
              Object {
                "alignSelf": "flex-start",
              }
            }
          >
            <View
              accessibilityLabel="Global.Dismiss"
              accessibilityRole="button"
              accessibilityState={
                Object {
                  "busy": undefined,
                  "checked": undefined,
                  "disabled": undefined,
                  "expanded": undefined,
                  "selected": undefined,
                }
              }
              accessibilityValue={
                Object {
                  "max": undefined,
                  "min": undefined,
                  "now": undefined,
                  "text": undefined,
                }
              }
              accessible={true}
              collapsable={false}
              focusable={true}
              hitSlop={
                Object {
                  "bottom": 44,
                  "left": 44,
                  "right": 44,
                  "top": 44,
                }
              }
              onClick={[Function]}
              onResponderGrant={[Function]}
              onResponderMove={[Function]}
              onResponderRelease={[Function]}
              onResponderTerminate={[Function]}
              onResponderTerminationRequest={[Function]}
              onStartShouldSetResponder={[Function]}
              style={
                Object {
                  "opacity": 1,
                }
              }
              testID="com.ariesbifold:id/Dismiss"
            >
              <Text
                allowFontScaling={false}
                selectable={false}
                style={
                  Array [
                    Object {
                      "color": "#0099FF",
                      "fontSize": 30,
                    },
                    undefined,
                    Object {
                      "fontFamily": "Material Icons",
                      "fontStyle": "normal",
                      "fontWeight": "normal",
                    },
                    Object {},
                  ]
                }
              >
                
              </Text>
            </View>
          </View>
        </View>
        <View
          style={
            Object {
              "flexShrink": 1,
              "justifyContent": "space-between",
              "marginLeft": 40,
              "paddingBottom": 5,
              "paddingHorizontal": 5,
            }
          }
        >
          <RCTScrollView
            contentContainerStyle={
              Object {
                "flexGrow": 1,
              }
            }
            showsVerticalScrollIndicator={false}
            style={
              Object {
                "flex": 1,
              }
            }
          >
            <View>
              <View
                onStartShouldSetResponder={[Function]}
              >
                <Text
                  maxFontSizeMultiplier={2}
                  selectable={true}
                  style={
                    Array [
                      Object {
                        "color": "#FFFFFF",
                        "fontSize": 18,
                        "fontWeight": "normal",
                      },
                      Object {
                        "color": "#FFFFFF",
                        "fontSize": 18,
                        "fontWeight": "normal",
                        "paddingVertical": 16,
                      },
                    ]
                  }
                  testID="com.ariesbifold:id/BodyText"
                >
                  Lorem ipsum sit dolar amet
                </Text>
              </View>
            </View>
          </RCTScrollView>
        </View>
      </View>
    </View>
  </View>
</Modal>
`;
