// Jest Snapshot v1, https://goo.gl/fbAQLP

exports[`Ledger utility The default ledger nodes are fetched 1`] = `
Array [
  Object {
    "host": "10.0.0.1",
    "port": 9702,
  },
  Object {
    "host": "192.168.0.0",
    "port": 9702,
  },
  Object {
    "host": "10.0.1.1",
    "port": 9722,
  },
]
`;
