// Jest Snapshot v1, https://goo.gl/fbAQLP

exports[`AttachTourStep Component Renders properly with defaults 1`] = `
<View
  collapsable={false}
  focusable={false}
  style={
    Object {
      "alignSelf": "center",
    }
  }
  testID="com.ariesbifold:id/AttachTourStep"
>
  <View />
</View>
`;
