// Jest Snapshot v1, https://goo.gl/fbAQLP

exports[`SpotCutout Component Renders properly with defaults 1`] = `null`;
