// Jest Snapshot v1, https://goo.gl/fbAQLP

exports[`ChangePINSuccess Screen Renders correctly 1`] = `
<RNCSafeAreaView
  edges={
    Object {
      "bottom": "additive",
      "left": "additive",
      "right": "additive",
      "top": "off",
    }
  }
  style={
    Object {
      "backgroundColor": "#000000",
      "flex": 1,
    }
  }
>
  <RCTScrollView
    contentContainerStyle={
      Object {
        "flexGrow": 1,
      }
    }
    keyboardShouldPersistTaps="handled"
  >
    <View>
      <View
        style={
          Object {
            "backgroundColor": "#000000",
            "flex": 1,
            "padding": 20,
          }
        }
      >
        <View
          style={
            Object {
              "marginBottom": 30,
              "marginTop": 10,
            }
          }
        >
          <View
            style={
              Object {
                "backgroundColor": "#313132",
                "borderColor": "#2E8540",
                "borderRadius": 5,
                "borderWidth": 1,
                "minWidth": 700,
                "padding": 10,
              }
            }
          >
            <View
              style={
                Object {
                  "flexDirection": "row",
                  "paddingHorizontal": 5,
                  "paddingTop": 5,
                }
              }
            >
              <View
                style={
                  Array [
                    Object {
                      "alignSelf": "center",
                      "marginRight": 10,
                    },
                    Object {
                      "flexDirection": "row",
                    },
                  ]
                }
              >
                <Text
                  accessible={false}
                  allowFontScaling={false}
                  selectable={false}
                  style={
                    Array [
                      Object {
                        "color": "#2E8540",
                        "fontSize": 30,
                      },
                      undefined,
                      Object {
                        "fontFamily": "Material Icons",
                        "fontStyle": "normal",
                        "fontWeight": "normal",
                      },
                      Object {},
                    ]
                  }
                >
                  î¡¬
                </Text>
                <Text
                  maxFontSizeMultiplier={2}
                  style={
                    Array [
                      Object {
                        "color": "#FFFFFF",
                        "fontSize": 18,
                        "fontWeight": "bold",
                      },
                      Object {
                        "alignSelf": "center",
                        "color": "#FFFFFF",
                        "flexShrink": 1,
                        "marginLeft": 7,
                      },
                    ]
                  }
                  testID="com.ariesbifold:id/HeaderText"
                >
                  PINChangeSuccess.InfoBox.Title
                </Text>
              </View>
            </View>
            <RCTScrollView
              style={
                Object {
                  "flexDirection": "column",
                  "flexGrow": 0,
                  "marginLeft": 40,
                  "paddingBottom": 5,
                  "paddingHorizontal": 5,
                }
              }
            >
              <View>
                <Text
                  maxFontSizeMultiplier={2}
                  style={
                    Array [
                      Object {
                        "color": "#FFFFFF",
                        "fontSize": 18,
                        "fontWeight": "normal",
                      },
                      Object {
                        "color": "#FFFFFF",
                        "flexShrink": 1,
                        "marginVertical": 16,
                      },
                    ]
                  }
                  testID="com.ariesbifold:id/BodyText"
                >
                  PINChangeSuccess.InfoBox.Description
                </Text>
              </View>
            </RCTScrollView>
          </View>
        </View>
        <View
          accessibilityLabel="PINChangeSuccess.PrimaryButton"
          accessibilityRole="button"
          accessibilityState={
            Object {
              "busy": undefined,
              "checked": undefined,
              "disabled": false,
              "expanded": undefined,
              "selected": undefined,
            }
          }
          accessibilityValue={
            Object {
              "max": undefined,
              "min": undefined,
              "now": undefined,
              "text": undefined,
            }
          }
          accessible={true}
          collapsable={false}
          focusable={true}
          onClick={[Function]}
          onResponderGrant={[Function]}
          onResponderMove={[Function]}
          onResponderRelease={[Function]}
          onResponderTerminate={[Function]}
          onResponderTerminationRequest={[Function]}
          onStartShouldSetResponder={[Function]}
          style={
            Object {
              "backgroundColor": "#42803E",
              "borderRadius": 4,
              "opacity": 1,
              "padding": 16,
            }
          }
          testID="com.ariesbifold:id/GoToSettings"
        >
          <View
            style={
              Object {
                "alignItems": "center",
                "flexDirection": "row",
                "justifyContent": "center",
              }
            }
          >
            <Text
              maxFontSizeMultiplier={2}
              style={
                Array [
                  Object {
                    "color": "#FFFFFF",
                    "fontSize": 18,
                    "fontWeight": "normal",
                  },
                  Array [
                    Object {
                      "color": "#FFFFFF",
                      "fontSize": 18,
                      "fontWeight": "bold",
                      "textAlign": "center",
                    },
                    false,
                    false,
                    false,
                  ],
                ]
              }
            >
              PINChangeSuccess.PrimaryButton
            </Text>
          </View>
        </View>
      </View>
    </View>
  </RCTScrollView>
</RNCSafeAreaView>
`;
