// Jest Snapshot v1, https://goo.gl/fbAQLP

exports[`PINExplainer Screen Renders correctly 1`] = `
<RNCSafeAreaView
  edges={
    Object {
      "bottom": "additive",
      "left": "additive",
      "right": "additive",
      "top": "off",
    }
  }
  style={
    Object {
      "backgroundColor": "#000000",
      "flex": 1,
    }
  }
>
  <RCTScrollView
    contentContainerStyle={
      Object {
        "flexGrow": 1,
        "padding": 20,
      }
    }
  >
    <View>
      <View>
        <Text
          maxFontSizeMultiplier={2}
          style={
            Array [
              Object {
                "color": "#FFFFFF",
                "fontSize": 32,
                "fontWeight": "bold",
              },
              undefined,
            ]
          }
        >
          PINCreate.Explainer.PrimaryHeading
        </Text>
        <Text
          maxFontSizeMultiplier={2}
          style={
            Array [
              Object {
                "color": "#FFFFFF",
                "fontSize": 18,
                "fontWeight": "normal",
              },
              Object {
                "marginBottom": 30,
                "marginTop": 30,
              },
            ]
          }
        >
          PINCreate.Explainer.PINReminder
        </Text>
      </View>
      <View
        style={
          Object {
            "alignItems": "center",
            "marginBottom": 30,
          }
        }
      >
        <
          fill="#FFFFFF"
          height={150}
          width={150}
        />
      </View>
      <View>
        <Text
          maxFontSizeMultiplier={2}
          style={
            Array [
              Object {
                "color": "#FFFFFF",
                "fontSize": 21,
                "fontWeight": "bold",
              },
              undefined,
            ]
          }
        >
          PINCreate.Explainer.WhyNeedPin.Header
        </Text>
        <Text
          maxFontSizeMultiplier={2}
          style={
            Array [
              Object {
                "color": "#FFFFFF",
                "fontSize": 18,
                "fontWeight": "normal",
              },
              Object {
                "marginBottom": 20,
                "marginTop": 20,
              },
            ]
          }
        >
          PINCreate.Explainer.WhyNeedPin.Paragraph
        </Text>
        <View
          style={
            Object {
              "alignItems": "flex-start",
              "flexDirection": "row",
              "marginVertical": 10,
            }
          }
        >
          <View
            style={
              Object {
                "marginRight": 10,
                "marginVertical": 6,
              }
            }
          >
            <Text
              allowFontScaling={false}
              selectable={false}
              style={
                Array [
                  Object {
                    "color": "#FFFFFF",
                    "fontSize": 9,
                  },
                  undefined,
                  Object {
                    "fontFamily": "Material Icons",
                    "fontStyle": "normal",
                    "fontWeight": "normal",
                  },
                  Object {},
                ]
              }
            >
              
            </Text>
          </View>
          <Text
            maxFontSizeMultiplier={2}
            style={
              Array [
                Object {
                  "color": "#FFFFFF",
                  "fontSize": 18,
                  "fontWeight": "normal",
                },
                Array [
                  Object {
                    "color": "#FFFFFF",
                    "fontSize": 18,
                    "fontWeight": "normal",
                  },
                  Object {
                    "flexShrink": 1,
                  },
                ],
              ]
            }
          >
            PINCreate.Explainer.WhyNeedPin.ParagraphList1
          </Text>
        </View>
        <View
          style={
            Object {
              "alignItems": "flex-start",
              "flexDirection": "row",
              "marginVertical": 10,
            }
          }
        >
          <View
            style={
              Object {
                "marginRight": 10,
                "marginVertical": 6,
              }
            }
          >
            <Text
              allowFontScaling={false}
              selectable={false}
              style={
                Array [
                  Object {
                    "color": "#FFFFFF",
                    "fontSize": 9,
                  },
                  undefined,
                  Object {
                    "fontFamily": "Material Icons",
                    "fontStyle": "normal",
                    "fontWeight": "normal",
                  },
                  Object {},
                ]
              }
            >
              
            </Text>
          </View>
          <Text
            maxFontSizeMultiplier={2}
            style={
              Array [
                Object {
                  "color": "#FFFFFF",
                  "fontSize": 18,
                  "fontWeight": "normal",
                },
                Array [
                  Object {
                    "color": "#FFFFFF",
                    "fontSize": 18,
                    "fontWeight": "normal",
                  },
                  Object {
                    "flexShrink": 1,
                  },
                ],
              ]
            }
          >
            PINCreate.Explainer.WhyNeedPin.ParagraphList2
          </Text>
        </View>
      </View>
    </View>
  </RCTScrollView>
  <View
    style={
      Object {
        "paddingHorizontal": 20,
        "paddingVertical": 10,
      }
    }
  >
    <View
      accessibilityLabel="Global.Continue"
      accessibilityRole="button"
      accessibilityState={
        Object {
          "busy": undefined,
          "checked": undefined,
          "disabled": false,
          "expanded": undefined,
          "selected": undefined,
        }
      }
      accessibilityValue={
        Object {
          "max": undefined,
          "min": undefined,
          "now": undefined,
          "text": undefined,
        }
      }
      accessible={true}
      collapsable={false}
      focusable={true}
      onClick={[Function]}
      onResponderGrant={[Function]}
      onResponderMove={[Function]}
      onResponderRelease={[Function]}
      onResponderTerminate={[Function]}
      onResponderTerminationRequest={[Function]}
      onStartShouldSetResponder={[Function]}
      style={
        Object {
          "backgroundColor": "#42803E",
          "borderRadius": 4,
          "opacity": 1,
          "padding": 16,
        }
      }
      testID="com.ariesbifold:id/ContinueCreatePIN"
    >
      <View
        style={
          Object {
            "alignItems": "center",
            "flexDirection": "row",
            "justifyContent": "center",
          }
        }
      >
        <Text
          maxFontSizeMultiplier={2}
          style={
            Array [
              Object {
                "color": "#FFFFFF",
                "fontSize": 18,
                "fontWeight": "normal",
              },
              Array [
                Object {
                  "color": "#FFFFFF",
                  "fontSize": 18,
                  "fontWeight": "bold",
                  "textAlign": "center",
                },
                false,
                false,
                false,
              ],
            ]
          }
        >
          Global.Continue
        </Text>
      </View>
    </View>
  </View>
</RNCSafeAreaView>
`;
