// Jest Snapshot v1, https://goo.gl/fbAQLP

exports[`Preface Screen Button enabled by checkbox being checked 1`] = `
<RNCSafeAreaView
  edges={
    Object {
      "bottom": "additive",
      "left": "additive",
      "right": "additive",
      "top": "off",
    }
  }
  style={
    Object {
      "flex": 1,
    }
  }
>
  <RCTScrollView
    contentContainerStyle={
      Object {
        "flexGrow": 1,
      }
    }
  >
    <View>
      <View
        style={
          Object {
            "backgroundColor": "#000000",
            "height": "100%",
            "justifyContent": "space-between",
            "padding": 20,
          }
        }
      >
        <View
          style={Object {}}
        >
          <
            height={200}
            style={
              Object {
                "alignSelf": "center",
                "marginBottom": 20,
              }
            }
          />
          <Text
            maxFontSizeMultiplier={2}
            style={
              Array [
                Object {
                  "color": "#FFFFFF",
                  "fontSize": 32,
                  "fontWeight": "bold",
                },
                undefined,
              ]
            }
          >
            Preface.PrimaryHeading
          </Text>
          <Text
            maxFontSizeMultiplier={2}
            style={
              Array [
                Object {
                  "color": "#FFFFFF",
                  "fontSize": 18,
                  "fontWeight": "normal",
                },
                Object {
                  "marginBottom": 20,
                  "marginTop": 20,
                },
              ]
            }
          >
            Preface.Paragraph1
          </Text>
        </View>
        <View
          style={Object {}}
        >
          <View
            style={
              Object {
                "alignItems": "center",
                "flex": 1,
                "flexDirection": "row-reverse",
                "margin": 10,
              }
            }
          >
            <View
              accessibilityLabel="Terms.IAgree"
              accessibilityRole="checkbox"
              accessibilityState={
                Object {
                  "busy": undefined,
                  "checked": true,
                  "disabled": undefined,
                  "expanded": undefined,
                  "selected": undefined,
                }
              }
              accessibilityValue={
                Object {
                  "max": undefined,
                  "min": undefined,
                  "now": undefined,
                  "text": undefined,
                }
              }
              accessible={true}
              collapsable={false}
              focusable={true}
              hitSlop={
                Object {
                  "bottom": 44,
                  "left": 44,
                  "right": 44,
                  "top": 44,
                }
              }
              onClick={[Function]}
              onResponderGrant={[Function]}
              onResponderMove={[Function]}
              onResponderRelease={[Function]}
              onResponderTerminate={[Function]}
              onResponderTerminationRequest={[Function]}
              onStartShouldSetResponder={[Function]}
              style={
                Object {
                  "opacity": 1,
                }
              }
              testID="com.ariesbifold:id/IAgree"
            >
              <Text
                allowFontScaling={false}
                selectable={false}
                style={
                  Array [
                    Object {
                      "color": "#42803E",
                      "fontSize": 36,
                    },
                    undefined,
                    Object {
                      "fontFamily": "Material Icons",
                      "fontStyle": "normal",
                      "fontWeight": "normal",
                    },
                    Object {},
                  ]
                }
              >
                î ´
              </Text>
            </View>
            <Text
              maxFontSizeMultiplier={2}
              style={
                Array [
                  Object {
                    "color": "#FFFFFF",
                    "fontSize": 18,
                    "fontWeight": "normal",
                  },
                  Array [
                    Object {
                      "color": "#FFFFFF",
                      "flexShrink": 1,
                      "fontSize": 18,
                      "fontWeight": "normal",
                      "marginLeft": 0,
                      "marginRight": 10,
                    },
                    Object {
                      "fontWeight": "bold",
                    },
                  ],
                ]
              }
            >
              Preface.Confirmed
            </Text>
          </View>
          <View
            style={
              Object {
                "paddingTop": 10,
              }
            }
          >
            <View
              accessibilityLabel="Global.Continue"
              accessibilityRole="button"
              accessibilityState={
                Object {
                  "busy": undefined,
                  "checked": undefined,
                  "disabled": false,
                  "expanded": undefined,
                  "selected": undefined,
                }
              }
              accessibilityValue={
                Object {
                  "max": undefined,
                  "min": undefined,
                  "now": undefined,
                  "text": undefined,
                }
              }
              accessible={true}
              collapsable={false}
              focusable={true}
              onClick={[Function]}
              onResponderGrant={[Function]}
              onResponderMove={[Function]}
              onResponderRelease={[Function]}
              onResponderTerminate={[Function]}
              onResponderTerminationRequest={[Function]}
              onStartShouldSetResponder={[Function]}
              style={
                Object {
                  "backgroundColor": "#42803E",
                  "borderRadius": 4,
                  "opacity": 1,
                  "padding": 16,
                }
              }
              testID="com.ariesbifold:id/Continue"
            >
              <View
                style={
                  Object {
                    "alignItems": "center",
                    "flexDirection": "row",
                    "justifyContent": "center",
                  }
                }
              >
                <Text
                  maxFontSizeMultiplier={2}
                  style={
                    Array [
                      Object {
                        "color": "#FFFFFF",
                        "fontSize": 18,
                        "fontWeight": "normal",
                      },
                      Array [
                        Object {
                          "color": "#FFFFFF",
                          "fontSize": 18,
                          "fontWeight": "bold",
                          "textAlign": "center",
                        },
                        false,
                        false,
                        false,
                      ],
                    ]
                  }
                >
                  Global.Continue
                </Text>
              </View>
            </View>
          </View>
        </View>
      </View>
    </View>
  </RCTScrollView>
</RNCSafeAreaView>
`;

exports[`Preface Screen Renders correctly 1`] = `
<RNCSafeAreaView
  edges={
    Object {
      "bottom": "additive",
      "left": "additive",
      "right": "additive",
      "top": "off",
    }
  }
  style={
    Object {
      "flex": 1,
    }
  }
>
  <RCTScrollView
    contentContainerStyle={
      Object {
        "flexGrow": 1,
      }
    }
  >
    <View>
      <View
        style={
          Object {
            "backgroundColor": "#000000",
            "height": "100%",
            "justifyContent": "space-between",
            "padding": 20,
          }
        }
      >
        <View
          style={Object {}}
        >
          <
            height={200}
            style={
              Object {
                "alignSelf": "center",
                "marginBottom": 20,
              }
            }
          />
          <Text
            maxFontSizeMultiplier={2}
            style={
              Array [
                Object {
                  "color": "#FFFFFF",
                  "fontSize": 32,
                  "fontWeight": "bold",
                },
                undefined,
              ]
            }
          >
            Preface.PrimaryHeading
          </Text>
          <Text
            maxFontSizeMultiplier={2}
            style={
              Array [
                Object {
                  "color": "#FFFFFF",
                  "fontSize": 18,
                  "fontWeight": "normal",
                },
                Object {
                  "marginBottom": 20,
                  "marginTop": 20,
                },
              ]
            }
          >
            Preface.Paragraph1
          </Text>
        </View>
        <View
          style={Object {}}
        >
          <View
            style={
              Object {
                "alignItems": "center",
                "flex": 1,
                "flexDirection": "row-reverse",
                "margin": 10,
              }
            }
          >
            <View
              accessibilityLabel="Terms.IAgree"
              accessibilityRole="checkbox"
              accessibilityState={
                Object {
                  "busy": undefined,
                  "checked": false,
                  "disabled": undefined,
                  "expanded": undefined,
                  "selected": undefined,
                }
              }
              accessibilityValue={
                Object {
                  "max": undefined,
                  "min": undefined,
                  "now": undefined,
                  "text": undefined,
                }
              }
              accessible={true}
              collapsable={false}
              focusable={true}
              hitSlop={
                Object {
                  "bottom": 44,
                  "left": 44,
                  "right": 44,
                  "top": 44,
                }
              }
              onClick={[Function]}
              onResponderGrant={[Function]}
              onResponderMove={[Function]}
              onResponderRelease={[Function]}
              onResponderTerminate={[Function]}
              onResponderTerminationRequest={[Function]}
              onStartShouldSetResponder={[Function]}
              style={
                Object {
                  "opacity": 1,
                }
              }
              testID="com.ariesbifold:id/IAgree"
            >
              <Text
                allowFontScaling={false}
                selectable={false}
                style={
                  Array [
                    Object {
                      "color": "#42803E",
                      "fontSize": 36,
                    },
                    undefined,
                    Object {
                      "fontFamily": "Material Icons",
                      "fontStyle": "normal",
                      "fontWeight": "normal",
                    },
                    Object {},
                  ]
                }
              >
                î µ
              </Text>
            </View>
            <Text
              maxFontSizeMultiplier={2}
              style={
                Array [
                  Object {
                    "color": "#FFFFFF",
                    "fontSize": 18,
                    "fontWeight": "normal",
                  },
                  Array [
                    Object {
                      "color": "#FFFFFF",
                      "flexShrink": 1,
                      "fontSize": 18,
                      "fontWeight": "normal",
                      "marginLeft": 0,
                      "marginRight": 10,
                    },
                    Object {
                      "fontWeight": "bold",
                    },
                  ],
                ]
              }
            >
              Preface.Confirmed
            </Text>
          </View>
          <View
            style={
              Object {
                "paddingTop": 10,
              }
            }
          >
            <View
              accessibilityLabel="Global.Continue"
              accessibilityRole="button"
              accessibilityState={
                Object {
                  "busy": undefined,
                  "checked": undefined,
                  "disabled": true,
                  "expanded": undefined,
                  "selected": undefined,
                }
              }
              accessibilityValue={
                Object {
                  "max": undefined,
                  "min": undefined,
                  "now": undefined,
                  "text": undefined,
                }
              }
              accessible={true}
              collapsable={false}
              focusable={true}
              onClick={[Function]}
              onResponderGrant={[Function]}
              onResponderMove={[Function]}
              onResponderRelease={[Function]}
              onResponderTerminate={[Function]}
              onResponderTerminationRequest={[Function]}
              onStartShouldSetResponder={[Function]}
              style={
                Object {
                  "backgroundColor": "rgba(53, 130, 63, 0.35)",
                  "borderRadius": 4,
                  "opacity": 1,
                  "padding": 16,
                }
              }
              testID="com.ariesbifold:id/Continue"
            >
              <View
                style={
                  Object {
                    "alignItems": "center",
                    "flexDirection": "row",
                    "justifyContent": "center",
                  }
                }
              >
                <Text
                  maxFontSizeMultiplier={2}
                  style={
                    Array [
                      Object {
                        "color": "#FFFFFF",
                        "fontSize": 18,
                        "fontWeight": "normal",
                      },
                      Array [
                        Object {
                          "color": "#FFFFFF",
                          "fontSize": 18,
                          "fontWeight": "bold",
                          "textAlign": "center",
                        },
                        Object {
                          "color": "#FFFFFF",
                          "fontSize": 18,
                          "fontWeight": "bold",
                          "textAlign": "center",
                        },
                        false,
                        false,
                      ],
                    ]
                  }
                >
                  Global.Continue
                </Text>
              </View>
            </View>
          </View>
        </View>
      </View>
    </View>
  </RCTScrollView>
</RNCSafeAreaView>
`;
