// Jest Snapshot v1, https://goo.gl/fbAQLP

exports[`ProofRequestDetails Screen Renders correctly 1`] = `
<RNCSafeAreaView
  edges={
    Array [
      "left",
      "right",
    ]
  }
  style={
    Object {
      "backgroundColor": "#000000",
      "flexGrow": 1,
      "padding": 16,
    }
  }
>
  <RCTScrollView
    contentContainerStyle={
      Object {
        "flexGrow": 1,
      }
    }
  >
    <View>
      <View
        style={
          Object {
            "marginBottom": 36,
            "marginTop": 12,
          }
        }
      >
        <Text
          style={
            Object {
              "color": "#FFFFFF",
              "fontSize": 26,
              "fontWeight": "bold",
            }
          }
        >
          Student full name
        </Text>
        <Text
          style={
            Object {
              "color": "#FFFFFF",
              "fontSize": 20,
              "marginTop": 10,
            }
          }
        >
          Verify the full name of a student
        </Text>
      </View>
      <View
        style={
          Object {
            "marginBottom": 15,
          }
        }
      >
        <View
          onLayout={[Function]}
          style={
            Array [
              Object {
                "backgroundColor": undefined,
                "borderRadius": 10,
              },
              Object {
                "backgroundColor": "#313132",
              },
              Object {
                "elevation": 5,
                "overflow": "hidden",
              },
            ]
          }
        >
          <View
            testID="com.ariesbifold:id/CredentialCard"
          >
            <View
              accessibilityLabel=",  Student Credentials.Credential. First Name, undefined null, Last Name, undefined null"
              accessible={true}
              style={
                Object {
                  "flexDirection": "row",
                  "minHeight": 247.5,
                }
              }
            >
              <View
                style={
                  Object {
                    "backgroundColor": undefined,
                    "borderBottomLeftRadius": 10,
                    "borderTopLeftRadius": 10,
                    "width": 90,
                  }
                }
                testID="com.ariesbifold:id/CredentialCardSecondaryBody"
              />
              <View
                style={
                  Array [
                    Object {
                      "alignItems": "center",
                      "backgroundColor": "#ffffff",
                      "borderRadius": 8,
                      "height": 90,
                      "justifyContent": "center",
                      "left": -52.5,
                      "shadowColor": "#000",
                      "shadowOffset": Object {
                        "height": 1,
                        "width": 1,
                      },
                      "shadowOpacity": 0.3,
                      "top": 37.5,
                      "width": 90,
                    },
                    Object {
                      "elevation": 5,
                    },
                  ]
                }
              >
                <Text
                  style={
                    Array [
                      Object {
                        "color": "#FFFFFF",
                        "fontSize": 18,
                        "fontWeight": "bold",
                      },
                      Object {
                        "alignSelf": "center",
                        "color": "#000",
                        "fontSize": 45,
                      },
                    ]
                  }
                  testID="com.ariesbifold:id/NoLogoText"
                >
                  S
                </Text>
              </View>
              <View
                style={
                  Object {
                    "flex": 1,
                    "marginLeft": -52.5,
                    "padding": 37.5,
                  }
                }
                testID="com.ariesbifold:id/CredentialCardPrimaryBody"
              >
                <View>
                  <View
                    style={
                      Object {
                        "flexDirection": "row",
                      }
                    }
                  >
                    <Text
                      style={
                        Array [
                          Object {
                            "color": "#FFFFFF",
                            "fontSize": 14,
                            "fontWeight": "bold",
                          },
                          Object {
                            "color": "#FFFFFF",
                            "flexShrink": 1,
                            "lineHeight": 24,
                          },
                          Object {
                            "flex": 1,
                            "flexWrap": "wrap",
                            "lineHeight": 19,
                            "opacity": 0.8,
                          },
                        ]
                      }
                      testID="com.ariesbifold:id/CredentialIssuer"
                    />
                  </View>
                  <View
                    style={
                      Object {
                        "flexDirection": "row",
                      }
                    }
                  >
                    <Text
                      style={
                        Array [
                          Object {
                            "color": "#FFFFFF",
                            "fontSize": 18,
                            "fontWeight": "bold",
                          },
                          Object {
                            "color": "#FFFFFF",
                            "flexShrink": 1,
                            "lineHeight": 24,
                          },
                          Object {
                            "flex": 1,
                            "flexWrap": "wrap",
                          },
                        ]
                      }
                      testID="com.ariesbifold:id/CredentialName"
                    >
                      Student
                    </Text>
                  </View>
                </View>
                <RCTScrollView
                  data={
                    Array [
                      Attribute {
                        "credentialId": undefined,
                        "encoding": undefined,
                        "format": undefined,
                        "hasError": undefined,
                        "label": "First Name",
                        "mimeType": undefined,
                        "name": "student_first_name",
                        "nonRevoked": undefined,
                        "restrictions": Array [
                          Object {
                            "cred_def_id": "XUxBrVSALWHLeycAUhrNr9:3:CL:26293:student_card",
                          },
                        ],
                        "revealed": undefined,
                        "revoked": undefined,
                        "type": "Text",
                        "value": null,
                      },
                      Attribute {
                        "credentialId": undefined,
                        "encoding": undefined,
                        "format": undefined,
                        "hasError": undefined,
                        "label": "Last Name",
                        "mimeType": undefined,
                        "name": "student_last_name",
                        "nonRevoked": undefined,
                        "restrictions": Array [
                          Object {
                            "cred_def_id": "XUxBrVSALWHLeycAUhrNr9:3:CL:26293:student_card",
                          },
                        ],
                        "revealed": undefined,
                        "revoked": undefined,
                        "type": "Text",
                        "value": null,
                      },
                    ]
                  }
                  getItem={[Function]}
                  getItemCount={[Function]}
                  initialNumToRender={2}
                  keyExtractor={[Function]}
                  onContentSizeChange={[Function]}
                  onLayout={[Function]}
                  onMomentumScrollBegin={[Function]}
                  onMomentumScrollEnd={[Function]}
                  onScroll={[Function]}
                  onScrollBeginDrag={[Function]}
                  onScrollEndDrag={[Function]}
                  removeClippedSubviews={false}
                  renderItem={[Function]}
                  scrollEnabled={false}
                  scrollEventThrottle={50}
                  stickyHeaderIndices={Array []}
                  viewabilityConfigCallbackPairs={Array []}
                >
                  <View>
                    <View
                      onFocusCapture={[Function]}
                      onLayout={[Function]}
                      style={null}
                    >
                      <View
                        style={
                          Object {
                            "gap": 4,
                            "marginVertical": 16,
                          }
                        }
                      >
                        <View>
                          <Text
                            style={
                              Array [
                                Object {
                                  "color": "#FFFFFF",
                                  "fontSize": 14,
                                  "fontWeight": "normal",
                                },
                                Object {
                                  "color": "#FFFFFF",
                                  "flexShrink": 1,
                                  "lineHeight": 24,
                                },
                                Object {
                                  "lineHeight": 19,
                                  "opacity": 0.8,
                                },
                              ]
                            }
                            testID="com.ariesbifold:id/AttributeName"
                          >
                            First Name
                          </Text>
                        </View>
                      </View>
                    </View>
                    <View
                      onFocusCapture={[Function]}
                      onLayout={[Function]}
                      style={null}
                    >
                      <View
                        style={
                          Object {
                            "gap": 4,
                            "marginVertical": 16,
                          }
                        }
                      >
                        <View>
                          <Text
                            style={
                              Array [
                                Object {
                                  "color": "#FFFFFF",
                                  "fontSize": 14,
                                  "fontWeight": "normal",
                                },
                                Object {
                                  "color": "#FFFFFF",
                                  "flexShrink": 1,
                                  "lineHeight": 24,
                                },
                                Object {
                                  "lineHeight": 19,
                                  "opacity": 0.8,
                                },
                              ]
                            }
                            testID="com.ariesbifold:id/AttributeName"
                          >
                            Last Name
                          </Text>
                        </View>
                      </View>
                    </View>
                  </View>
                </RCTScrollView>
              </View>
            </View>
          </View>
        </View>
      </View>
      <View>
        <View
          style={
            Object {
              "marginBottom": 10,
              "marginTop": "auto",
            }
          }
        >
          <View
            accessibilityLabel="Verifier.UseProofRequest"
            accessibilityRole="button"
            accessibilityState={
              Object {
                "busy": undefined,
                "checked": undefined,
                "disabled": false,
                "expanded": undefined,
                "selected": undefined,
              }
            }
            accessibilityValue={
              Object {
                "max": undefined,
                "min": undefined,
                "now": undefined,
                "text": undefined,
              }
            }
            accessible={true}
            collapsable={false}
            focusable={true}
            onClick={[Function]}
            onResponderGrant={[Function]}
            onResponderMove={[Function]}
            onResponderRelease={[Function]}
            onResponderTerminate={[Function]}
            onResponderTerminationRequest={[Function]}
            onStartShouldSetResponder={[Function]}
            style={
              Object {
                "backgroundColor": "#42803E",
                "borderRadius": 4,
                "opacity": 1,
                "padding": 16,
              }
            }
            testID="com.ariesbifold:id/UseProofRequest"
          >
            <View
              style={
                Object {
                  "alignItems": "center",
                  "flexDirection": "row",
                  "justifyContent": "center",
                }
              }
            >
              <Text
                style={
                  Array [
                    Object {
                      "color": "#FFFFFF",
                      "fontSize": 18,
                      "fontWeight": "bold",
                      "textAlign": "center",
                    },
                    false,
                    false,
                    false,
                  ]
                }
              >
                Verifier.UseProofRequest
              </Text>
            </View>
          </View>
        </View>
        <View
          style={
            Object {
              "marginBottom": 10,
              "marginTop": "auto",
            }
          }
        >
          <View
            accessibilityLabel="Verifier.ShowTemplateUsageHistory"
            accessibilityRole="button"
            accessibilityState={
              Object {
                "busy": undefined,
                "checked": undefined,
                "disabled": false,
                "expanded": undefined,
                "selected": undefined,
              }
            }
            accessibilityValue={
              Object {
                "max": undefined,
                "min": undefined,
                "now": undefined,
                "text": undefined,
              }
            }
            accessible={true}
            collapsable={false}
            focusable={true}
            onClick={[Function]}
            onResponderGrant={[Function]}
            onResponderMove={[Function]}
            onResponderRelease={[Function]}
            onResponderTerminate={[Function]}
            onResponderTerminationRequest={[Function]}
            onStartShouldSetResponder={[Function]}
            style={
              Object {
                "borderColor": "#42803E",
                "borderRadius": 4,
                "borderWidth": 2,
                "opacity": 1,
                "padding": 16,
              }
            }
            testID="com.ariesbifold:id/ShowTemplateUsageHistory"
          >
            <View
              style={
                Object {
                  "alignItems": "center",
                  "flexDirection": "row",
                  "justifyContent": "center",
                }
              }
            >
              <Text
                style={
                  Array [
                    Object {
                      "color": "#42803E",
                      "fontSize": 18,
                      "fontWeight": "bold",
                      "textAlign": "center",
                    },
                    false,
                    false,
                    false,
                  ]
                }
              >
                Verifier.ShowTemplateUsageHistory
              </Text>
            </View>
          </View>
        </View>
      </View>
    </View>
  </RCTScrollView>
</RNCSafeAreaView>
`;
