// Jest Snapshot v1, https://goo.gl/fbAQLP

exports[`Settings Screen Renders correctly 1`] = `
<RNCSafeAreaView
  edges={
    Array [
      "bottom",
      "left",
      "right",
    ]
  }
  style={
    Object {
      "backgroundColor": "#000000",
      "width": "100%",
    }
  }
>
  <RCTScrollView
    ListFooterComponent={[Function]}
    data={
      Array [
        Object {
          "data": Array [
            Object {
              "accessibilityLabel": "Screens.Contacts",
              "onPress": [Function],
              "testID": "com.ariesbifold:id/Contacts",
              "title": "Screens.Contacts",
            },
            Object {
              "accessibilityLabel": "Settings.WhatAreContacts",
              "onPress": [Function],
              "testID": "com.ariesbifold:id/WhatAreContacts",
              "title": "Settings.WhatAreContacts",
              "value": undefined,
            },
          ],
          "header": Object {
            "icon": Object {
              "name": "apartment",
              "size": 30,
            },
            "iconRight": Object {
              "accessibilityLabel": "NameWallet.EditWalletName",
              "action": [Function],
              "name": "edit",
              "style": Object {
                "color": "#42803E",
              },
              "testID": "com.ariesbifold:id/EditWalletName",
            },
            "title": "Screens.Contacts",
            "titleTestID": undefined,
          },
        },
        Object {
          "data": Array [
            Object {
              "accessibilityLabel": "Global.Biometrics",
              "onPress": [Function],
              "testID": "com.ariesbifold:id/Biometrics",
              "title": "Global.Biometrics",
              "value": "Global.Off",
            },
            Object {
              "accessibilityLabel": "Settings.ChangePin",
              "onPress": [Function],
              "testID": "com.ariesbifold:id/Change Pin",
              "title": "Settings.ChangePin",
              "value": undefined,
            },
            Object {
              "accessibilityLabel": "Settings.Language",
              "onPress": [Function],
              "testID": "com.ariesbifold:id/Language",
              "title": "Settings.Language",
              "value": "Language.code",
            },
            Object {
              "accessibilityLabel": "Settings.AutoLockTime",
              "onPress": [Function],
              "testID": "com.ariesbifold:id/Lockout",
              "title": "Settings.AutoLockTime",
              "value": "5 min",
            },
            Object {
              "accessibilityLabel": "Settings.Developer",
              "onPress": [Function],
              "testID": "com.ariesbifold:id/DeveloperOptions",
              "title": "Settings.Developer",
            },
          ],
          "header": Object {
            "icon": Object {
              "name": "settings",
            },
            "title": "Settings.AppSettings",
          },
        },
      ]
    }
    getItem={[Function]}
    getItemCount={[Function]}
    keyExtractor={[Function]}
    onContentSizeChange={[Function]}
    onLayout={[Function]}
    onMomentumScrollBegin={[Function]}
    onMomentumScrollEnd={[Function]}
    onScroll={[Function]}
    onScrollBeginDrag={[Function]}
    onScrollEndDrag={[Function]}
    renderItem={[Function]}
    scrollEventThrottle={50}
    stickyHeaderIndices={Array []}
  >
    <View>
      <View
        onFocusCapture={[Function]}
        onLayout={[Function]}
        style={null}
      >
        <View
          style={
            Array [
              Object {
                "backgroundColor": "#313132",
                "flexGrow": 1,
                "paddingVertical": 24,
              },
              Object {
                "alignItems": "center",
                "flexDirection": "row",
                "marginBottom": -11,
                "paddingBottom": 0,
                "paddingHorizontal": 25,
              },
            ]
          }
        >
          <Text
            accessible={false}
            allowFontScaling={false}
            importantForAccessibility="no-hide-descendants"
            selectable={false}
            style={
              Array [
                Object {
                  "color": undefined,
                  "fontSize": 24,
                },
                Object {
                  "color": "#FFFFFF",
                  "marginRight": 10,
                },
                Object {
                  "fontFamily": "Material Icons",
                  "fontStyle": "normal",
                  "fontWeight": "normal",
                },
                Object {},
              ]
            }
          >
            î©€
          </Text>
          <Text
            accessibilityRole="header"
            style={
              Array [
                Object {
                  "color": "#FFFFFF",
                  "fontSize": 26,
                  "fontWeight": "bold",
                },
                Object {
                  "flexShrink": 1,
                },
              ]
            }
          >
            Screens.Contacts
          </Text>
        </View>
      </View>
      <View
        onFocusCapture={[Function]}
        onLayout={[Function]}
        style={null}
      >
        <View>
          <View
            style={
              Object {
                "marginBottom": 10,
              }
            }
          />
          <RCTScrollView
            contentContainerStyle={
              Object {
                "flexGrow": 1,
              }
            }
            horizontal={true}
            style={
              Object {
                "backgroundColor": "#313132",
                "flexGrow": 1,
                "paddingVertical": 24,
              }
            }
          >
            <View>
              <View
                accessibilityLabel="Screens.Contacts"
                accessibilityRole="button"
                accessibilityState={
                  Object {
                    "busy": undefined,
                    "checked": undefined,
                    "disabled": undefined,
                    "expanded": undefined,
                    "selected": undefined,
                  }
                }
                accessibilityValue={
                  Object {
                    "max": undefined,
                    "min": undefined,
                    "now": undefined,
                    "text": undefined,
                  }
                }
                accessible={true}
                collapsable={false}
                focusable={true}
                onClick={[Function]}
                onResponderGrant={[Function]}
                onResponderMove={[Function]}
                onResponderRelease={[Function]}
                onResponderTerminate={[Function]}
                onResponderTerminationRequest={[Function]}
                onStartShouldSetResponder={[Function]}
                style={
                  Object {
                    "alignItems": "center",
                    "flexDirection": "row",
                    "flexGrow": 1,
                    "justifyContent": "space-between",
                    "opacity": 1,
                    "paddingHorizontal": 25,
                  }
                }
                testID="com.ariesbifold:id/Contacts"
              >
                <Text
                  style={
                    Array [
                      Object {
                        "color": "#FFFFFF",
                        "fontSize": 21,
                        "fontWeight": "normal",
                      },
                      Object {
                        "marginRight": 14,
                      },
                    ]
                  }
                >
                  Screens.Contacts
                </Text>
                <Text
                  style={
                    Array [
                      Object {
                        "color": "#FFFFFF",
                        "fontSize": 21,
                        "fontWeight": "normal",
                      },
                      Object {
                        "color": "#42803E",
                      },
                    ]
                  }
                />
              </View>
            </View>
          </RCTScrollView>
          <View
            style={
              Object {
                "backgroundColor": "#313132",
              }
            }
          >
            <View
              style={
                Object {
                  "borderBottomColor": "#000000",
                  "borderBottomWidth": 1,
                  "marginHorizontal": 25,
                }
              }
            />
          </View>
        </View>
      </View>
      <View
        onFocusCapture={[Function]}
        onLayout={[Function]}
        style={null}
      >
        <View>
          <RCTScrollView
            contentContainerStyle={
              Object {
                "flexGrow": 1,
              }
            }
            horizontal={true}
            style={
              Object {
                "backgroundColor": "#313132",
                "flexGrow": 1,
                "paddingVertical": 24,
              }
            }
          >
            <View>
              <View
                accessibilityLabel="Settings.WhatAreContacts"
                accessibilityRole="button"
                accessibilityState={
                  Object {
                    "busy": undefined,
                    "checked": undefined,
                    "disabled": undefined,
                    "expanded": undefined,
                    "selected": undefined,
                  }
                }
                accessibilityValue={
                  Object {
                    "max": undefined,
                    "min": undefined,
                    "now": undefined,
                    "text": undefined,
                  }
                }
                accessible={true}
                collapsable={false}
                focusable={true}
                onClick={[Function]}
                onResponderGrant={[Function]}
                onResponderMove={[Function]}
                onResponderRelease={[Function]}
                onResponderTerminate={[Function]}
                onResponderTerminationRequest={[Function]}
                onStartShouldSetResponder={[Function]}
                style={
                  Object {
                    "alignItems": "center",
                    "flexDirection": "row",
                    "flexGrow": 1,
                    "justifyContent": "space-between",
                    "opacity": 1,
                    "paddingHorizontal": 25,
                  }
                }
                testID="com.ariesbifold:id/WhatAreContacts"
              >
                <Text
                  style={
                    Array [
                      Object {
                        "color": "#FFFFFF",
                        "fontSize": 21,
                        "fontWeight": "normal",
                      },
                      Object {
                        "marginRight": 14,
                      },
                    ]
                  }
                >
                  Settings.WhatAreContacts
                </Text>
                <Text
                  style={
                    Array [
                      Object {
                        "color": "#FFFFFF",
                        "fontSize": 21,
                        "fontWeight": "normal",
                      },
                      Object {
                        "color": "#42803E",
                      },
                    ]
                  }
                />
              </View>
            </View>
          </RCTScrollView>
          <View
            style={
              Object {
                "marginBottom": 10,
              }
            }
          />
        </View>
      </View>
      <View
        onFocusCapture={[Function]}
        onLayout={[Function]}
        style={null}
      />
      <View
        onFocusCapture={[Function]}
        onLayout={[Function]}
        style={null}
      >
        <View
          style={
            Array [
              Object {
                "backgroundColor": "#313132",
                "flexGrow": 1,
                "paddingVertical": 24,
              },
              Object {
                "alignItems": "center",
                "flexDirection": "row",
                "marginBottom": -11,
                "paddingBottom": 0,
                "paddingHorizontal": 25,
              },
            ]
          }
        >
          <Text
            accessible={false}
            allowFontScaling={false}
            importantForAccessibility="no-hide-descendants"
            selectable={false}
            style={
              Array [
                Object {
                  "color": undefined,
                  "fontSize": 24,
                },
                Object {
                  "color": "#FFFFFF",
                  "marginRight": 10,
                },
                Object {
                  "fontFamily": "Material Icons",
                  "fontStyle": "normal",
                  "fontWeight": "normal",
                },
                Object {},
              ]
            }
          >
            î¢¸
          </Text>
          <Text
            accessibilityRole="header"
            style={
              Array [
                Object {
                  "color": "#FFFFFF",
                  "fontSize": 26,
                  "fontWeight": "bold",
                },
                Object {
                  "flexShrink": 1,
                },
              ]
            }
          >
            Settings.AppSettings
          </Text>
        </View>
      </View>
      <View
        onFocusCapture={[Function]}
        onLayout={[Function]}
        style={null}
      >
        <View>
          <View
            style={
              Object {
                "marginBottom": 10,
              }
            }
          />
          <RCTScrollView
            contentContainerStyle={
              Object {
                "flexGrow": 1,
              }
            }
            horizontal={true}
            style={
              Object {
                "backgroundColor": "#313132",
                "flexGrow": 1,
                "paddingVertical": 24,
              }
            }
          >
            <View>
              <View
                accessibilityLabel="Global.Biometrics"
                accessibilityRole="button"
                accessibilityState={
                  Object {
                    "busy": undefined,
                    "checked": undefined,
                    "disabled": undefined,
                    "expanded": undefined,
                    "selected": undefined,
                  }
                }
                accessibilityValue={
                  Object {
                    "max": undefined,
                    "min": undefined,
                    "now": undefined,
                    "text": undefined,
                  }
                }
                accessible={true}
                collapsable={false}
                focusable={true}
                onClick={[Function]}
                onResponderGrant={[Function]}
                onResponderMove={[Function]}
                onResponderRelease={[Function]}
                onResponderTerminate={[Function]}
                onResponderTerminationRequest={[Function]}
                onStartShouldSetResponder={[Function]}
                style={
                  Object {
                    "alignItems": "center",
                    "flexDirection": "row",
                    "flexGrow": 1,
                    "justifyContent": "space-between",
                    "opacity": 1,
                    "paddingHorizontal": 25,
                  }
                }
                testID="com.ariesbifold:id/Biometrics"
              >
                <Text
                  style={
                    Array [
                      Object {
                        "color": "#FFFFFF",
                        "fontSize": 21,
                        "fontWeight": "normal",
                      },
                      Object {
                        "marginRight": 14,
                      },
                    ]
                  }
                >
                  Global.Biometrics
                </Text>
                <Text
                  style={
                    Array [
                      Object {
                        "color": "#FFFFFF",
                        "fontSize": 21,
                        "fontWeight": "normal",
                      },
                      Object {
                        "color": "#42803E",
                      },
                    ]
                  }
                >
                  Global.Off
                </Text>
              </View>
            </View>
          </RCTScrollView>
          <View
            style={
              Object {
                "backgroundColor": "#313132",
              }
            }
          >
            <View
              style={
                Object {
                  "borderBottomColor": "#000000",
                  "borderBottomWidth": 1,
                  "marginHorizontal": 25,
                }
              }
            />
          </View>
        </View>
      </View>
      <View
        onFocusCapture={[Function]}
        onLayout={[Function]}
        style={null}
      >
        <View>
          <RCTScrollView
            contentContainerStyle={
              Object {
                "flexGrow": 1,
              }
            }
            horizontal={true}
            style={
              Object {
                "backgroundColor": "#313132",
                "flexGrow": 1,
                "paddingVertical": 24,
              }
            }
          >
            <View>
              <View
                accessibilityLabel="Settings.ChangePin"
                accessibilityRole="button"
                accessibilityState={
                  Object {
                    "busy": undefined,
                    "checked": undefined,
                    "disabled": undefined,
                    "expanded": undefined,
                    "selected": undefined,
                  }
                }
                accessibilityValue={
                  Object {
                    "max": undefined,
                    "min": undefined,
                    "now": undefined,
                    "text": undefined,
                  }
                }
                accessible={true}
                collapsable={false}
                focusable={true}
                onClick={[Function]}
                onResponderGrant={[Function]}
                onResponderMove={[Function]}
                onResponderRelease={[Function]}
                onResponderTerminate={[Function]}
                onResponderTerminationRequest={[Function]}
                onStartShouldSetResponder={[Function]}
                style={
                  Object {
                    "alignItems": "center",
                    "flexDirection": "row",
                    "flexGrow": 1,
                    "justifyContent": "space-between",
                    "opacity": 1,
                    "paddingHorizontal": 25,
                  }
                }
                testID="com.ariesbifold:id/Change Pin"
              >
                <Text
                  style={
                    Array [
                      Object {
                        "color": "#FFFFFF",
                        "fontSize": 21,
                        "fontWeight": "normal",
                      },
                      Object {
                        "marginRight": 14,
                      },
                    ]
                  }
                >
                  Settings.ChangePin
                </Text>
                <Text
                  style={
                    Array [
                      Object {
                        "color": "#FFFFFF",
                        "fontSize": 21,
                        "fontWeight": "normal",
                      },
                      Object {
                        "color": "#42803E",
                      },
                    ]
                  }
                />
              </View>
            </View>
          </RCTScrollView>
          <View
            style={
              Object {
                "backgroundColor": "#313132",
              }
            }
          >
            <View
              style={
                Object {
                  "borderBottomColor": "#000000",
                  "borderBottomWidth": 1,
                  "marginHorizontal": 25,
                }
              }
            />
          </View>
        </View>
      </View>
      <View
        onFocusCapture={[Function]}
        onLayout={[Function]}
        style={null}
      >
        <View>
          <RCTScrollView
            contentContainerStyle={
              Object {
                "flexGrow": 1,
              }
            }
            horizontal={true}
            style={
              Object {
                "backgroundColor": "#313132",
                "flexGrow": 1,
                "paddingVertical": 24,
              }
            }
          >
            <View>
              <View
                accessibilityLabel="Settings.Language"
                accessibilityRole="button"
                accessibilityState={
                  Object {
                    "busy": undefined,
                    "checked": undefined,
                    "disabled": undefined,
                    "expanded": undefined,
                    "selected": undefined,
                  }
                }
                accessibilityValue={
                  Object {
                    "max": undefined,
                    "min": undefined,
                    "now": undefined,
                    "text": undefined,
                  }
                }
                accessible={true}
                collapsable={false}
                focusable={true}
                onClick={[Function]}
                onResponderGrant={[Function]}
                onResponderMove={[Function]}
                onResponderRelease={[Function]}
                onResponderTerminate={[Function]}
                onResponderTerminationRequest={[Function]}
                onStartShouldSetResponder={[Function]}
                style={
                  Object {
                    "alignItems": "center",
                    "flexDirection": "row",
                    "flexGrow": 1,
                    "justifyContent": "space-between",
                    "opacity": 1,
                    "paddingHorizontal": 25,
                  }
                }
                testID="com.ariesbifold:id/Language"
              >
                <Text
                  style={
                    Array [
                      Object {
                        "color": "#FFFFFF",
                        "fontSize": 21,
                        "fontWeight": "normal",
                      },
                      Object {
                        "marginRight": 14,
                      },
                    ]
                  }
                >
                  Settings.Language
                </Text>
                <Text
                  style={
                    Array [
                      Object {
                        "color": "#FFFFFF",
                        "fontSize": 21,
                        "fontWeight": "normal",
                      },
                      Object {
                        "color": "#42803E",
                      },
                    ]
                  }
                >
                  Language.code
                </Text>
              </View>
            </View>
          </RCTScrollView>
          <View
            style={
              Object {
                "backgroundColor": "#313132",
              }
            }
          >
            <View
              style={
                Object {
                  "borderBottomColor": "#000000",
                  "borderBottomWidth": 1,
                  "marginHorizontal": 25,
                }
              }
            />
          </View>
        </View>
      </View>
      <View
        onFocusCapture={[Function]}
        onLayout={[Function]}
        style={null}
      >
        <View>
          <RCTScrollView
            contentContainerStyle={
              Object {
                "flexGrow": 1,
              }
            }
            horizontal={true}
            style={
              Object {
                "backgroundColor": "#313132",
                "flexGrow": 1,
                "paddingVertical": 24,
              }
            }
          >
            <View>
              <View
                accessibilityLabel="Settings.AutoLockTime"
                accessibilityRole="button"
                accessibilityState={
                  Object {
                    "busy": undefined,
                    "checked": undefined,
                    "disabled": undefined,
                    "expanded": undefined,
                    "selected": undefined,
                  }
                }
                accessibilityValue={
                  Object {
                    "max": undefined,
                    "min": undefined,
                    "now": undefined,
                    "text": undefined,
                  }
                }
                accessible={true}
                collapsable={false}
                focusable={true}
                onClick={[Function]}
                onResponderGrant={[Function]}
                onResponderMove={[Function]}
                onResponderRelease={[Function]}
                onResponderTerminate={[Function]}
                onResponderTerminationRequest={[Function]}
                onStartShouldSetResponder={[Function]}
                style={
                  Object {
                    "alignItems": "center",
                    "flexDirection": "row",
                    "flexGrow": 1,
                    "justifyContent": "space-between",
                    "opacity": 1,
                    "paddingHorizontal": 25,
                  }
                }
                testID="com.ariesbifold:id/Lockout"
              >
                <Text
                  style={
                    Array [
                      Object {
                        "color": "#FFFFFF",
                        "fontSize": 21,
                        "fontWeight": "normal",
                      },
                      Object {
                        "marginRight": 14,
                      },
                    ]
                  }
                >
                  Settings.AutoLockTime
                </Text>
                <Text
                  style={
                    Array [
                      Object {
                        "color": "#FFFFFF",
                        "fontSize": 21,
                        "fontWeight": "normal",
                      },
                      Object {
                        "color": "#42803E",
                      },
                    ]
                  }
                >
                  5 min
                </Text>
              </View>
            </View>
          </RCTScrollView>
          <View
            style={
              Object {
                "backgroundColor": "#313132",
              }
            }
          >
            <View
              style={
                Object {
                  "borderBottomColor": "#000000",
                  "borderBottomWidth": 1,
                  "marginHorizontal": 25,
                }
              }
            />
          </View>
        </View>
      </View>
      <View
        onFocusCapture={[Function]}
        onLayout={[Function]}
        style={null}
      >
        <View>
          <RCTScrollView
            contentContainerStyle={
              Object {
                "flexGrow": 1,
              }
            }
            horizontal={true}
            style={
              Object {
                "backgroundColor": "#313132",
                "flexGrow": 1,
                "paddingVertical": 24,
              }
            }
          >
            <View>
              <View
                accessibilityLabel="Settings.Developer"
                accessibilityRole="button"
                accessibilityState={
                  Object {
                    "busy": undefined,
                    "checked": undefined,
                    "disabled": undefined,
                    "expanded": undefined,
                    "selected": undefined,
                  }
                }
                accessibilityValue={
                  Object {
                    "max": undefined,
                    "min": undefined,
                    "now": undefined,
                    "text": undefined,
                  }
                }
                accessible={true}
                collapsable={false}
                focusable={true}
                onClick={[Function]}
                onResponderGrant={[Function]}
                onResponderMove={[Function]}
                onResponderRelease={[Function]}
                onResponderTerminate={[Function]}
                onResponderTerminationRequest={[Function]}
                onStartShouldSetResponder={[Function]}
                style={
                  Object {
                    "alignItems": "center",
                    "flexDirection": "row",
                    "flexGrow": 1,
                    "justifyContent": "space-between",
                    "opacity": 1,
                    "paddingHorizontal": 25,
                  }
                }
                testID="com.ariesbifold:id/DeveloperOptions"
              >
                <Text
                  style={
                    Array [
                      Object {
                        "color": "#FFFFFF",
                        "fontSize": 21,
                        "fontWeight": "normal",
                      },
                      Object {
                        "marginRight": 14,
                      },
                    ]
                  }
                >
                  Settings.Developer
                </Text>
                <Text
                  style={
                    Array [
                      Object {
                        "color": "#FFFFFF",
                        "fontSize": 21,
                        "fontWeight": "normal",
                      },
                      Object {
                        "color": "#42803E",
                      },
                    ]
                  }
                />
              </View>
            </View>
          </RCTScrollView>
          <View
            style={
              Object {
                "marginBottom": 10,
              }
            }
          />
        </View>
      </View>
      <View
        style={
          Object {
            "height": 0,
          }
        }
      />
      <View
        onLayout={[Function]}
      >
        <View
          style={
            Object {
              "alignItems": "center",
              "marginVertical": 25,
            }
          }
        >
          <View
            accessibilityState={
              Object {
                "busy": undefined,
                "checked": undefined,
                "disabled": true,
                "expanded": undefined,
                "selected": undefined,
              }
            }
            accessible={true}
            focusable={true}
            onClick={[Function]}
            onResponderGrant={[Function]}
            onResponderMove={[Function]}
            onResponderRelease={[Function]}
            onResponderTerminate={[Function]}
            onResponderTerminationRequest={[Function]}
            onStartShouldSetResponder={[Function]}
          >
            <Text
              style={
                Object {
                  "color": "#FFFFFF",
                  "fontSize": 18,
                  "fontWeight": "normal",
                }
              }
              testID="com.ariesbifold:id/Version"
            >
              Settings.Version 1 Settings.Build (1)
            </Text>
            <
              height={75}
              style={
                Object {
                  "alignSelf": "center",
                }
              }
              width={150}
            />
          </View>
        </View>
      </View>
    </View>
  </RCTScrollView>
</RNCSafeAreaView>
`;
